Archive member included to satisfy reference by file (symbol)

/opt/devkitpro/libctru/lib/libcitro2d.a(base.o)
                              main.o (C2D_Init)
/opt/devkitpro/libctru/lib/libcitro2d.a(spritesheet.o)
                              main.o (C2D_SpriteSheetLoad)
/opt/devkitpro/libctru/lib/libcitro2d.a(render2d.shbin.o)
                              /opt/devkitpro/libctru/lib/libcitro2d.a(base.o) (render2d_shbin)
/opt/devkitpro/libctru/lib/libcitro3d.a(attribs.o)
                              /opt/devkitpro/libctru/lib/libcitro2d.a(base.o) (AttrInfo_Init)
/opt/devkitpro/libctru/lib/libcitro3d.a(base.o)
                              /opt/devkitpro/libctru/lib/libcitro3d.a(attribs.o) (__C3D_Context)
/opt/devkitpro/libctru/lib/libcitro3d.a(buffers.o)
                              /opt/devkitpro/libctru/lib/libcitro2d.a(base.o) (BufInfo_Init)
/opt/devkitpro/libctru/lib/libcitro3d.a(drawElements.o)
                              /opt/devkitpro/libctru/lib/libcitro2d.a(base.o) (C3D_DrawElements)
/opt/devkitpro/libctru/lib/libcitro3d.a(effect.o)
                              /opt/devkitpro/libctru/lib/libcitro3d.a(base.o) (C3D_DepthMap)
/opt/devkitpro/libctru/lib/libcitro3d.a(framebuffer.o)
                              /opt/devkitpro/libctru/lib/libcitro3d.a(base.o) (C3Di_FrameBufBind)
/opt/devkitpro/libctru/lib/libcitro3d.a(immediate.o)
                              /opt/devkitpro/libctru/lib/libcitro3d.a(base.o) (C3D_ImmSendAttrib)
/opt/devkitpro/libctru/lib/libcitro3d.a(proctex.o)
                              /opt/devkitpro/libctru/lib/libcitro2d.a(base.o) (C3D_ProcTexInit)
/opt/devkitpro/libctru/lib/libcitro3d.a(renderqueue.o)
                              /opt/devkitpro/libctru/lib/libcitro3d.a(base.o) (C3Di_RenderQueueEnableVBlank)
/opt/devkitpro/libctru/lib/libcitro3d.a(tex3ds.o)
                              /opt/devkitpro/libctru/lib/libcitro2d.a(spritesheet.o) (Tex3DS_TextureImport)
/opt/devkitpro/libctru/lib/libcitro3d.a(texenv.o)
                              /opt/devkitpro/libctru/lib/libcitro2d.a(base.o) (C3D_GetTexEnv)
/opt/devkitpro/libctru/lib/libcitro3d.a(texture.o)
                              /opt/devkitpro/libctru/lib/libcitro3d.a(tex3ds.o) (C3D_TexInitWithParams)
/opt/devkitpro/libctru/lib/libcitro3d.a(uniforms.o)
                              /opt/devkitpro/libctru/lib/libcitro3d.a(base.o) (C3D_UpdateUniforms)
/opt/devkitpro/libctru/lib/libcitro3d.a(mtx_multiply.o)
                              /opt/devkitpro/libctru/lib/libcitro2d.a(base.o) (Mtx_Multiply)
/opt/devkitpro/libctru/lib/libcitro3d.a(mtx_ortho.o)
                              /opt/devkitpro/libctru/lib/libcitro2d.a(base.o) (Mtx_Ortho)
/opt/devkitpro/libctru/lib/libcitro3d.a(mtx_orthotilt.o)
                              /opt/devkitpro/libctru/lib/libcitro2d.a(base.o) (Mtx_OrthoTilt)
/opt/devkitpro/libctru/lib/libcitro3d.a(mtx_rotatez.o)
                              /opt/devkitpro/libctru/lib/libcitro2d.a(base.o) (Mtx_RotateZ)
/opt/devkitpro/libctru/lib/libcitro3d.a(mtx_scale.o)
                              /opt/devkitpro/libctru/lib/libcitro2d.a(base.o) (Mtx_Scale)
/opt/devkitpro/libctru/lib/libcitro3d.a(mtx_translate.o)
                              /opt/devkitpro/libctru/lib/libcitro2d.a(base.o) (Mtx_Translate)
/opt/devkitpro/libctru/lib/libctru.a(linear.o)
                              /opt/devkitpro/libctru/lib/libcitro2d.a(base.o) (linearAlloc)
/opt/devkitpro/libctru/lib/libctru.a(mem_pool.o)
                              /opt/devkitpro/libctru/lib/libctru.a(linear.o) (MemPool::Allocate(MemChunk&, unsigned long, int))
/opt/devkitpro/libctru/lib/libctru.a(vram.o)
                              /opt/devkitpro/libctru/lib/libcitro3d.a(renderqueue.o) (vramAlloc)
/opt/devkitpro/libctru/lib/libctru.a(console.o)
                              main.o (consoleInit)
/opt/devkitpro/libctru/lib/libctru.a(gfx.o)
                              main.o (gfxSet3D)
/opt/devkitpro/libctru/lib/libctru.a(os.o)
                              /opt/devkitpro/libctru/lib/libcitro3d.a(buffers.o) (osConvertVirtToPhys)
/opt/devkitpro/libctru/lib/libctru.a(romfs_dev.o)
                              main.o (romfsMountSelf)
/opt/devkitpro/libctru/lib/libctru.a(gpu.o)
                              /opt/devkitpro/libctru/lib/libcitro3d.a(base.o) (gpuCmdBufOffset)
/opt/devkitpro/libctru/lib/libctru.a(gx.o)
                              /opt/devkitpro/libctru/lib/libcitro3d.a(renderqueue.o) (GX_BindQueue)
/opt/devkitpro/libctru/lib/libctru.a(gxqueue.o)
                              /opt/devkitpro/libctru/lib/libcitro3d.a(renderqueue.o) (gxCmdQueueClear)
/opt/devkitpro/libctru/lib/libctru.a(shaderProgram.o)
                              /opt/devkitpro/libctru/lib/libcitro2d.a(base.o) (shaderInstanceGetUniformLocation)
/opt/devkitpro/libctru/lib/libctru.a(shbin.o)
                              /opt/devkitpro/libctru/lib/libcitro2d.a(base.o) (DVLB_ParseFile)
/opt/devkitpro/libctru/lib/libctru.a(apt.o)
[...]
Memory Configuration

Name             Origin             Length             Attributes
*default*        0x00000000         0xffffffff

Linker script and memory map

                0x00000000                        __sync_synchronize = __sync_synchronize_dmb
                0x00100000                        PROVIDE (__start__ = 0x100000)
                0x00100000                        . = __start__

.text           0x00100000    0x21360
 *(.crt0)
 .crt0          0x00100000       0x94 /opt/devkitpro/devkitARM/bin/../lib/gcc/arm-none-eabi/14.1.0/../../../../arm-none-eabi/lib/armv6k/fpu/3dsx_crt0.o
                0x00100000                _start
                0x00100008                __service_ptr
                0x0010000c                __apt_appid
                0x00100010                __heap_size
                0x00100014                __linear_heap_size
                0x00100018                __system_arglist
                0x0010001c                __system_runflags
 *(.init)
 .init          0x00100094        0xc /opt/devkitpro/devkitARM/bin/../lib/gcc/arm-none-eabi/14.1.0/armv6k/fpu/crti.o
                0x00100094                _init
 .init          0x001000a0        0xc /opt/devkitpro/devkitARM/bin/../lib/gcc/arm-none-eabi/14.1.0/armv6k/fpu/crtn.o
                0x001000ac                        . = ALIGN (0x4)
 *(.text)
 .text          0x001000ac      0x20c /opt/devkitpro/devkitARM/bin/../lib/gcc/arm-none-eabi/14.1.0/armv6k/fpu/libgcc.a(_udivsi3.o)
                0x001000ac                __udivsi3
                0x001000ac                __aeabi_uidiv
                0x00100298                __aeabi_uidivmod
 .text          0x001002b8      0x240 /opt/devkitpro/devkitARM/bin/../lib/gcc/arm-none-eabi/14.1.0/armv6k/fpu/libgcc.a(_divsi3.o)
                0x001002b8                __aeabi_idiv
                0x001002b8                __divsi3
                0x001004d8                __aeabi_idivmod
 .text          0x001004f8        0x4 /opt/devkitpro/devkitARM/bin/../lib/gcc/arm-none-eabi/14.1.0/armv6k/fpu/libgcc.a(_dvmd_tls.o)
                0x001004f8                __aeabi_ldiv0
                0x001004f8                __aeabi_idiv0
 .text          0x001004fc      0x3c0 /opt/devkitpro/devkitARM/bin/../lib/gcc/arm-none-eabi/14.1.0/armv6k/fpu/libgcc.a(_arm_addsubdf3.o)
                0x001004fc                __aeabi_drsub
                0x00100504                __subdf3
                0x00100504                __aeabi_dsub
                0x00100508                __aeabi_dadd
                0x00100508                __adddf3
                0x001007b4                __aeabi_ui2d
                0x001007b4                __floatunsidf
                0x001007d8                __floatsidf
                0x001007d8                __aeabi_i2d
                0x00100800                __extendsfdf2
                0x00100800                __aeabi_f2d
                0x00100848                __aeabi_ul2d
                0x00100848                __floatundidf
                0x0010085c                __aeabi_l2d
                0x0010085c                __floatdidf
 .text          0x001008bc       0xd4 /opt/devkitpro/devkitARM/bin/../lib/gcc/arm-none-eabi/14.1.0/armv6k/fpu/libgcc.a(_aeabi_ldivmod.o)
                0x001008bc                __aeabi_ldivmod
 .text          0x00100990       0x3c /opt/devkitpro/devkitARM/bin/../lib/gcc/arm-none-eabi/14.1.0/armv6k/fpu/libgcc.a(_aeabi_uldivmod.o)
                0x00100990                __aeabi_uldivmod
 *fill*         0x001009cc       0x14 
 .text          0x001009e0      0x390 /opt/devkitpro/devkitARM/bin/../lib/gcc/arm-none-eabi/14.1.0/../../../../arm-none-eabi/lib/armv6k/fpu/libg.a(libc_a-strcmp.o)
                0x001009e8                strcmp
 *(.text.*)
 .text.__do_global_dtors_aux
                0x00100d70       0x40 /opt/devkitpro/devkitARM/bin/../lib/gcc/arm-none-eabi/14.1.0/armv6k/fpu/crtbegin.o
 .text.frame_dummy
                0x00100db0       0x2c /opt/devkitpro/devkitARM/bin/../lib/gcc/arm-none-eabi/14.1.0/armv6k/fpu/crtbegin.o
 *fill*         0x00100ddc        0x4 
 .text.startup.main
                0x00100de0      0x308 main.o
                0x00100de0                main
 .text.C2Di_FrameEndHook
                0x001010e8       0x44 /opt/devkitpro/libctru/lib/libcitro2d.a(base.o)
 *fill*         0x0010112c        0x4 
 .text.C2D_Init
                0x00101130      0x36c /opt/devkitpro/libctru/lib/libcitro2d.a(base.o)
                0x00101130                C2D_Init
 .text.C2D_Fini
                0x0010149c       0x4c /opt/devkitpro/libctru/lib/libcitro2d.a(base.o)
                0x0010149c                C2D_Fini
 .text.C2D_Prepare
                0x001014e8       0xb8 /opt/devkitpro/libctru/lib/libcitro2d.a(base.o)
                0x001014e8                C2D_Prepare
 .text.C2D_Flush
                0x001015a0       0x48 /opt/devkitpro/libctru/lib/libcitro2d.a(base.o)
                0x001015a0                C2D_Flush
 .text.C2D_SceneSize
                0x001015e8      0x104 /opt/devkitpro/libctru/lib/libcitro2d.a(base.o)
                0x001015e8                C2D_SceneSize
 .text.C2D_CreateScreenTarget
                0x001016ec       0x58 /opt/devkitpro/libctru/lib/libcitro2d.a(base.o)
                0x001016ec                C2D_CreateScreenTarget
 .text.C2D_TargetClear
                0x00101744       0x64 /opt/devkitpro/libctru/lib/libcitro2d.a(base.o)
                0x00101744                C2D_TargetClear
 .text.C2Di_CalcQuad
                0x001017a8      0x13c /opt/devkitpro/libctru/lib/libcitro2d.a(base.o)
                0x001017a8                C2Di_CalcQuad
 .text.C2Di_AppendQuad
                0x001018e4       0x58 /opt/devkitpro/libctru/lib/libcitro2d.a(base.o)
                0x001018e4                C2Di_AppendQuad
 .text.C2Di_Update
                0x0010193c      0x550 /opt/devkitpro/libctru/lib/libcitro2d.a(base.o)
                0x0010193c                C2Di_Update
 .text.C2D_DrawImage
                0x00101e8c      0x2b0 /opt/devkitpro/libctru/lib/libcitro2d.a(base.o)
                0x00101e8c                C2D_DrawImage
 .text.C2D_SpriteSheetLoadFromHandle
                0x0010213c       0x6c /opt/devkitpro/libctru/lib/libcitro2d.a(spritesheet.o)
                0x0010213c                C2D_SpriteSheetLoadFromHandle
 .text.C2D_SpriteSheetLoad
                0x001021a8       0x48 /opt/devkitpro/libctru/lib/libcitro2d.a(spritesheet.o)
                0x001021a8                C2D_SpriteSheetLoad
 .text.C2D_SpriteSheetFree
                0x001021f0       0x28 /opt/devkitpro/libctru/lib/libcitro2d.a(spritesheet.o)
                0x001021f0                C2D_SpriteSheetFree
 .text.C2D_SpriteSheetGetImage
                0x00102218       0x2c /opt/devkitpro/libctru/lib/libcitro2d.a(spritesheet.o)
                0x00102218                C2D_SpriteSheetGetImage
 .text.AttrInfo_Init
                0x00102244       0x28 /opt/devkitpro/libctru/lib/libcitro3d.a(attribs.o)
                0x00102244                AttrInfo_Init
 .text.AttrInfo_AddLoader
                0x0010226c       0x94 /opt/devkitpro/libctru/lib/libcitro3d.a(attribs.o)
                0x0010226c                AttrInfo_AddLoader
 .text.C3D_SetAttrInfo
                0x00102300       0x54 /opt/devkitpro/libctru/lib/libcitro3d.a(attribs.o)
                0x00102300                C3D_SetAttrInfo
 .text.C3Di_AttrInfoBind
                0x00102354       0x80 /opt/devkitpro/libctru/lib/libcitro3d.a(attribs.o)
                0x00102354                C3Di_AttrInfoBind
 .text.C3Di_LightEnvUpdate
                0x001023d4        0x4 /opt/devkitpro/libctru/lib/libcitro3d.a(base.o)
                0x001023d4                C3Di_LightEnvUpdate
 .text.C3Di_LightEnvDirty
                0x001023d8        0x4 /opt/devkitpro/libctru/lib/libcitro3d.a(base.o)
                0x001023d8                C3Di_LightEnvDirty
 .text.C3Di_AptEventHook
                0x001023dc       0xb4 /opt/devkitpro/libctru/lib/libcitro3d.a(base.o)
 .text.C3Di_GasUpdate
                0x00102490        0x4 /opt/devkitpro/libctru/lib/libcitro3d.a(base.o)
                0x00102490                C3Di_GasUpdate
 .text.C3D_Init
                0x00102494      0x1d0 /opt/devkitpro/libctru/lib/libcitro3d.a(base.o)
                0x00102494                C3D_Init
 .text.C3D_SetViewport
                0x00102664       0x98 /opt/devkitpro/libctru/lib/libcitro3d.a(base.o)
                0x00102664                C3D_SetViewport
 .text.C3Di_UpdateContext
                0x001026fc      0x4e8 /opt/devkitpro/libctru/lib/libcitro3d.a(base.o)
                0x001026fc                C3Di_UpdateContext
 .text.C3Di_SplitFrame
                0x00102be4       0xe0 /opt/devkitpro/libctru/lib/libcitro3d.a(base.o)
                0x00102be4                C3Di_SplitFrame
 .text.C3D_Fini
                0x00102cc4       0x44 /opt/devkitpro/libctru/lib/libcitro3d.a(base.o)
                0x00102cc4                C3D_Fini
 .text.C3D_BindProgram
                0x00102d08      0x194 /opt/devkitpro/libctru/lib/libcitro3d.a(base.o)
                0x00102d08                C3D_BindProgram
 .text.BufInfo_Init
                0x00102e9c       0x24 /opt/devkitpro/libctru/lib/libcitro3d.a(buffers.o)
                0x00102e9c                BufInfo_Init
 .text.BufInfo_Add
                0x00102ec0       0x80 /opt/devkitpro/libctru/lib/libcitro3d.a(buffers.o)
                0x00102ec0                BufInfo_Add
 .text.C3D_SetBufInfo
                0x00102f40       0x3c /opt/devkitpro/libctru/lib/libcitro3d.a(buffers.o)
                0x00102f40                C3D_SetBufInfo
 .text.C3Di_BufInfoBind
                0x00102f7c       0x48 /opt/devkitpro/libctru/lib/libcitro3d.a(buffers.o)
                0x00102f7c                C3Di_BufInfoBind
 .text.C3D_DrawElements
                0x00102fc4      0x21c /opt/devkitpro/libctru/lib/libcitro3d.a(drawElements.o)
                0x00102fc4                C3D_DrawElements
 .text.C3D_DepthMap
                0x001031e0       0x40 /opt/devkitpro/libctru/lib/libcitro3d.a(effect.o)
                0x001031e0                C3D_DepthMap
 .text.C3D_CullFace
                0x00103220       0x1c /opt/devkitpro/libctru/lib/libcitro3d.a(effect.o)
                0x00103220                C3D_CullFace
 .text.C3D_StencilTest
                0x0010323c       0x40 /opt/devkitpro/libctru/lib/libcitro3d.a(effect.o)
                0x0010323c                C3D_StencilTest
 .text.C3D_StencilOp
                0x0010327c       0x24 /opt/devkitpro/libctru/lib/libcitro3d.a(effect.o)
                0x0010327c                C3D_StencilOp
 .text.C3D_BlendingColor
                0x001032a0       0x1c /opt/devkitpro/libctru/lib/libcitro3d.a(effect.o)
                0x001032a0                C3D_BlendingColor
 .text.C3D_EarlyDepthTest
                0x001032bc       0x24 /opt/devkitpro/libctru/lib/libcitro3d.a(effect.o)
                0x001032bc                C3D_EarlyDepthTest
 .text.C3D_DepthTest
                0x001032e0       0x2c /opt/devkitpro/libctru/lib/libcitro3d.a(effect.o)
                0x001032e0                C3D_DepthTest
 .text.C3D_AlphaTest
                0x0010330c       0x2c /opt/devkitpro/libctru/lib/libcitro3d.a(effect.o)
                0x0010330c                C3D_AlphaTest
 .text.C3D_AlphaBlend
                0x00103338       0x50 /opt/devkitpro/libctru/lib/libcitro3d.a(effect.o)
                0x00103338                C3D_AlphaBlend
 .text.C3D_FragOpMode
                0x00103388       0x30 /opt/devkitpro/libctru/lib/libcitro3d.a(effect.o)
                0x00103388                C3D_FragOpMode
 .text.C3D_FragOpShadow
                0x001033b8       0x44 /opt/devkitpro/libctru/lib/libcitro3d.a(effect.o)
                0x001033b8                C3D_FragOpShadow
 .text.C3Di_EffectBind
                0x001033fc      0x1ac /opt/devkitpro/libctru/lib/libcitro3d.a(effect.o)
                0x001033fc                C3Di_EffectBind
 .text.C3D_CalcColorBufSize
                0x001035a8       0x1c /opt/devkitpro/libctru/lib/libcitro3d.a(framebuffer.o)
                0x001035a8                C3D_CalcColorBufSize
 .text.C3D_CalcDepthBufSize
                0x001035c4       0x1c /opt/devkitpro/libctru/lib/libcitro3d.a(framebuffer.o)
                0x001035c4                C3D_CalcDepthBufSize
 .text.C3D_SetFrameBuf
                0x001035e0       0x44 /opt/devkitpro/libctru/lib/libcitro3d.a(framebuffer.o)
                0x001035e0                C3D_SetFrameBuf
 .text.C3Di_FrameBufBind
                0x00103624      0x16c /opt/devkitpro/libctru/lib/libcitro3d.a(framebuffer.o)
                0x00103624                C3Di_FrameBufBind
 .text.C3D_FrameBufClear
                0x00103790       0xc8 /opt/devkitpro/libctru/lib/libcitro3d.a(framebuffer.o)
                0x00103790                C3D_FrameBufClear
 .text.C3D_FrameBufTransfer
                0x00103858       0x44 /opt/devkitpro/libctru/lib/libcitro3d.a(framebuffer.o)
                0x00103858                C3D_FrameBufTransfer
 .text.C3D_ImmSendAttrib
                0x0010389c       0xa8 /opt/devkitpro/libctru/lib/libcitro3d.a(immediate.o)
                0x0010389c                C3D_ImmSendAttrib
 .text.C3D_ProcTexInit
                0x00103944       0x70 /opt/devkitpro/libctru/lib/libcitro3d.a(proctex.o)
                0x00103944                C3D_ProcTexInit
 .text.C3D_ProcTexBind
                0x001039b4       0x54 /opt/devkitpro/libctru/lib/libcitro3d.a(proctex.o)
                0x001039b4                C3D_ProcTexBind
 .text.C3D_ProcTexLutBind
                0x00103a08       0x5c /opt/devkitpro/libctru/lib/libcitro3d.a(proctex.o)
                0x00103a08                C3D_ProcTexLutBind
 .text.ProcTexLut_FromArray
                0x00103a64       0xa4 /opt/devkitpro/libctru/lib/libcitro3d.a(proctex.o)
                0x00103a64                ProcTexLut_FromArray
 .text.C3Di_ProcTexUpdate
                0x00103b08      0x178 /opt/devkitpro/libctru/lib/libcitro3d.a(proctex.o)
                0x00103b08                C3Di_ProcTexUpdate
 .text.C3Di_ProcTexDirty
                0x00103c80       0x68 /opt/devkitpro/libctru/lib/libcitro3d.a(proctex.o)
                0x00103c80                C3Di_ProcTexDirty
 .text.onVBlank0
                0x00103ce8       0x4c /opt/devkitpro/libctru/lib/libcitro3d.a(renderqueue.o)
 .text.onVBlank1
                0x00103d34       0x4c /opt/devkitpro/libctru/lib/libcitro3d.a(renderqueue.o)
 .text.C3Di_RenderTargetDestroy
                0x00103d80       0x80 /opt/devkitpro/libctru/lib/libcitro3d.a(renderqueue.o)
 .text.onQueueFinish
                0x00103e00       0xf4 /opt/devkitpro/libctru/lib/libcitro3d.a(renderqueue.o)
 .text.C3Di_RenderQueueEnableVBlank
                0x00103ef4       0x38 /opt/devkitpro/libctru/lib/libcitro3d.a(renderqueue.o)
                0x00103ef4                C3Di_RenderQueueEnableVBlank
 .text.C3Di_RenderQueueDisableVBlank
                0x00103f2c       0x30 /opt/devkitpro/libctru/lib/libcitro3d.a(renderqueue.o)
                0x00103f2c                C3Di_RenderQueueDisableVBlank
 .text.C3Di_RenderQueueInit
                0x00103f5c       0x60 /opt/devkitpro/libctru/lib/libcitro3d.a(renderqueue.o)
                0x00103f5c                C3Di_RenderQueueInit
 .text.C3Di_RenderQueueExit
                0x00103fbc       0xb4 /opt/devkitpro/libctru/lib/libcitro3d.a(renderqueue.o)
                0x00103fbc                C3Di_RenderQueueExit
 .text.C3Di_RenderQueueWaitDone
                0x00104070       0x34 /opt/devkitpro/libctru/lib/libcitro3d.a(renderqueue.o)
                0x00104070                C3Di_RenderQueueWaitDone
 .text.C3D_FrameBegin
                0x001040a4       0xe8 /opt/devkitpro/libctru/lib/libcitro3d.a(renderqueue.o)
                0x001040a4                C3D_FrameBegin
 .text.C3D_FrameDrawOn
                0x0010418c       0x48 /opt/devkitpro/libctru/lib/libcitro3d.a(renderqueue.o)
                0x0010418c                C3D_FrameDrawOn
 .text.C3D_FrameSplit
                0x001041d4       0x58 /opt/devkitpro/libctru/lib/libcitro3d.a(renderqueue.o)
                0x001041d4                C3D_FrameSplit
 .text.C3D_FrameEnd
                0x0010422c      0x1d0 /opt/devkitpro/libctru/lib/libcitro3d.a(renderqueue.o)
                0x0010422c                C3D_FrameEnd
 .text.C3D_FrameEndHook
                0x001043fc       0x1c /opt/devkitpro/libctru/lib/libcitro3d.a(renderqueue.o)
                0x001043fc                C3D_FrameEndHook
 .text.C3D_RenderTargetCreate
                0x00104418      0x170 /opt/devkitpro/libctru/lib/libcitro3d.a(renderqueue.o)
                0x00104418                C3D_RenderTargetCreate
 .text.C3D_RenderTargetSetOutput
                0x00104588       0xa8 /opt/devkitpro/libctru/lib/libcitro3d.a(renderqueue.o)
                0x00104588                C3D_RenderTargetSetOutput
 .text.C3D_SyncTextureCopy
                0x00104630       0xfc /opt/devkitpro/libctru/lib/libcitro3d.a(renderqueue.o)
                0x00104630                C3D_SyncTextureCopy
 .text.Tex3DSi_ImportCommon
                0x0010472c      0x3d8 /opt/devkitpro/libctru/lib/libcitro3d.a(tex3ds.o)
 .text.Tex3DS_TextureImportStdio
                0x00104b04       0x38 /opt/devkitpro/libctru/lib/libcitro3d.a(tex3ds.o)
                0x00104b04                Tex3DS_TextureImportStdio
 .text.Tex3DS_GetSubTexture
                0x00104b3c       0x1c /opt/devkitpro/libctru/lib/libcitro3d.a(tex3ds.o)
                0x00104b3c                Tex3DS_GetSubTexture
 .text.Tex3DS_TextureFree
                0x00104b58        0x4 /opt/devkitpro/libctru/lib/libcitro3d.a(tex3ds.o)
                0x00104b58                Tex3DS_TextureFree
 .text.C3D_GetTexEnv
                0x00104b5c       0x34 /opt/devkitpro/libctru/lib/libcitro3d.a(texenv.o)
                0x00104b5c                C3D_GetTexEnv
 .text.C3Di_TexEnvBind
                0x00104b90       0x24 /opt/devkitpro/libctru/lib/libcitro3d.a(texenv.o)
                0x00104b90                C3Di_TexEnvBind
 .text.C3D_TexInitWithParams
                0x00104bb4      0x290 /opt/devkitpro/libctru/lib/libcitro3d.a(texture.o)
                0x00104bb4                C3D_TexInitWithParams
 .text.C3D_TexLoadImage
                0x00104e44       0xc8 /opt/devkitpro/libctru/lib/libcitro3d.a(texture.o)
                0x00104e44                C3D_TexLoadImage
 .text.C3D_TexBind
                0x00104f0c       0x44 /opt/devkitpro/libctru/lib/libcitro3d.a(texture.o)
                0x00104f0c                C3D_TexBind
 .text.C3D_TexDelete
                0x00104f50       0x74 /opt/devkitpro/libctru/lib/libcitro3d.a(texture.o)
                0x00104f50                C3D_TexDelete
 .text.C3Di_SetTex
                0x00104fc4      0x14c /opt/devkitpro/libctru/lib/libcitro3d.a(texture.o)
                0x00104fc4                C3Di_SetTex
 .text.C3D_UpdateUniforms
                0x00105110      0x290 /opt/devkitpro/libctru/lib/libcitro3d.a(uniforms.o)
                0x00105110                C3D_UpdateUniforms
 .text.C3Di_DirtyUniforms
                0x001053a0       0xc0 /opt/devkitpro/libctru/lib/libcitro3d.a(uniforms.o)
                0x001053a0                C3Di_DirtyUniforms
 .text.C3Di_LoadShaderUniforms
                0x00105460       0xd8 /opt/devkitpro/libctru/lib/libcitro3d.a(uniforms.o)
                0x00105460                C3Di_LoadShaderUniforms
 .text.C3Di_ClearShaderUniforms
                0x00105538       0x28 /opt/devkitpro/libctru/lib/libcitro3d.a(uniforms.o)
                0x00105538                C3Di_ClearShaderUniforms
 .text.Mtx_Ortho
                0x00105560       0xcc /opt/devkitpro/libctru/lib/libcitro3d.a(mtx_ortho.o)
                0x00105560                Mtx_Ortho
 .text.Mtx_OrthoTilt
                0x0010562c       0xcc /opt/devkitpro/libctru/lib/libcitro3d.a(mtx_orthotilt.o)
                0x0010562c                Mtx_OrthoTilt
 .text._ZL21addrMapNodeComparatorPK11rbtree_nodeS1_
                0x001056f8       0x24 /opt/devkitpro/libctru/lib/libctru.a(linear.o)
 .text._ZL21addrMapNodeDestructorP11rbtree_node
                0x0010571c        0x4 /opt/devkitpro/libctru/lib/libctru.a(linear.o)
 .text.linearMemAlign
                0x00105720      0x120 /opt/devkitpro/libctru/lib/libctru.a(linear.o)
                0x00105720                linearMemAlign
 .text.linearAlloc
                0x00105840        0x8 /opt/devkitpro/libctru/lib/libctru.a(linear.o)
                0x00105840                linearAlloc
 .text.linearFree
                0x00105848       0x5c /opt/devkitpro/libctru/lib/libctru.a(linear.o)
                0x00105848                linearFree
 .text._ZN7MemPool13CoalesceRightEP8MemBlock
                0x001058a4       0x80 /opt/devkitpro/libctru/lib/libctru.a(mem_pool.o)
                0x001058a4                MemPool::CoalesceRight(MemBlock*)
 .text._ZN7MemPool8AllocateER8MemChunkmi
                0x00105924      0x16c /opt/devkitpro/libctru/lib/libctru.a(mem_pool.o)
                0x00105924                MemPool::Allocate(MemChunk&, unsigned long, int)
 .text._ZN7MemPool10DeallocateERK8MemChunk
                0x00105a90       0xfc /opt/devkitpro/libctru/lib/libctru.a(mem_pool.o)
                0x00105a90                MemPool::Deallocate(MemChunk const&)
 .text._ZN7MemPool12GetFreeSpaceEv
                0x00105b8c       0x30 /opt/devkitpro/libctru/lib/libctru.a(mem_pool.o)
                0x00105b8c                MemPool::GetFreeSpace()
 .text._ZL21addrMapNodeComparatorPK11rbtree_nodeS1_
                0x00105bbc       0x24 /opt/devkitpro/libctru/lib/libctru.a(vram.o)
 .text._ZL21addrMapNodeDestructorP11rbtree_node
                0x00105be0        0x4 /opt/devkitpro/libctru/lib/libctru.a(vram.o)
 .text.vramMemAlignAt
                0x00105be4      0x24c /opt/devkitpro/libctru/lib/libctru.a(vram.o)
                0x00105be4                vramMemAlignAt
 .text.vramAlloc
                0x00105e30        0xc /opt/devkitpro/libctru/lib/libctru.a(vram.o)
                0x00105e30                vramAlloc
 .text.vramAllocAt
                0x00105e3c        0xc /opt/devkitpro/libctru/lib/libctru.a(vram.o)
                0x00105e3c                vramAllocAt
 .text.vramFree
                0x00105e48       0x90 /opt/devkitpro/libctru/lib/libctru.a(vram.o)
                0x00105e48                vramFree
 .text.consoleHandleColorEsc
                0x00105ed8      0x51c /opt/devkitpro/libctru/lib/libctru.a(console.o)
 .text.consoleColorStateShift
                0x001063f4       0xb8 /opt/devkitpro/libctru/lib/libctru.a(console.o)
 .text.consoleDrawChar
                0x001064ac      0x1ac /opt/devkitpro/libctru/lib/libctru.a(console.o)
                0x001064ac                consoleDrawChar
 .text.consolePrintChar
                0x00106658      0x124 /opt/devkitpro/libctru/lib/libctru.a(console.o)
                0x00106658                consolePrintChar
 .text.con_write
                0x0010677c      0x6f4 /opt/devkitpro/libctru/lib/libctru.a(console.o)
                0x0010677c                con_write
 .text.newRow   0x00106e70       0xfc /opt/devkitpro/libctru/lib/libctru.a(console.o)
 .text.consoleInit
                0x00106f6c      0x18c /opt/devkitpro/libctru/lib/libctru.a(console.o)
                0x00106f6c                consoleInit
 .text.gfxPresentFramebuffer
                0x001070f8       0xd0 /opt/devkitpro/libctru/lib/libctru.a(gfx.o)
 .text.gfxSet3D
                0x001071c8       0x10 /opt/devkitpro/libctru/lib/libctru.a(gfx.o)
                0x001071c8                gfxSet3D
 .text.gfxIsWide
                0x001071d8       0x1c /opt/devkitpro/libctru/lib/libctru.a(gfx.o)
                0x001071d8                gfxIsWide
 .text.gfxSetScreenFormat
                0x001071f4       0xec /opt/devkitpro/libctru/lib/libctru.a(gfx.o)
                0x001071f4                gfxSetScreenFormat
 .text.gfxSetDoubleBuffering
                0x001072e0       0x10 /opt/devkitpro/libctru/lib/libctru.a(gfx.o)
                0x001072e0                gfxSetDoubleBuffering
 .text.gfxInit  0x001072f0       0xe0 /opt/devkitpro/libctru/lib/libctru.a(gfx.o)
                0x001072f0                gfxInit
 .text.gfxInitDefault
                0x001073d0       0x10 /opt/devkitpro/libctru/lib/libctru.a(gfx.o)
                0x001073d0                gfxInitDefault
 .text.gfxExit  0x001073e0       0xb4 /opt/devkitpro/libctru/lib/libctru.a(gfx.o)
                0x001073e0                gfxExit
 .text.gfxGetFramebuffer
                0x00107494       0xa0 /opt/devkitpro/libctru/lib/libctru.a(gfx.o)
                0x00107494                gfxGetFramebuffer
 .text.gfxFlushBuffers
                0x00107534      0x104 /opt/devkitpro/libctru/lib/libctru.a(gfx.o)
                0x00107534                gfxFlushBuffers
 .text.gfxScreenSwapBuffers
                0x00107638       0x30 /opt/devkitpro/libctru/lib/libctru.a(gfx.o)
                0x00107638                gfxScreenSwapBuffers
 .text.gfxSwapBuffersGpu
                0x00107668       0x50 /opt/devkitpro/libctru/lib/libctru.a(gfx.o)
                0x00107668                gfxSwapBuffersGpu
 .text.osConvertVirtToPhys
                0x001076b8       0x74 /opt/devkitpro/libctru/lib/libctru.a(os.o)
                0x001076b8                osConvertVirtToPhys
 .text.osGetTimeRef
                0x0010772c       0x54 /opt/devkitpro/libctru/lib/libctru.a(os.o)
                0x0010772c                osGetTimeRef
 .text.osGetTime
                0x00107780       0xec /opt/devkitpro/libctru/lib/libctru.a(os.o)
                0x00107780                osGetTime
 .text.__ctru_speedup_config
                0x0010786c       0x34 /opt/devkitpro/libctru/lib/libctru.a(os.o)
                0x0010786c                __ctru_speedup_config
 .text.romfs_close
                0x001078a0        0x8 /opt/devkitpro/libctru/lib/libctru.a(romfs_dev.o)
 .text.romfs_seek
                0x001078a8       0xc4 /opt/devkitpro/libctru/lib/libctru.a(romfs_dev.o)
 .text.romfs_dirreset
                0x0010796c       0x24 /opt/devkitpro/libctru/lib/libctru.a(romfs_dev.o)
 .text.fill_dir
                0x00107990       0xc8 /opt/devkitpro/libctru/lib/libctru.a(romfs_dev.o)
 .text.romfs_dirnext
                0x00107a58      0x2a8 /opt/devkitpro/libctru/lib/libctru.a(romfs_dev.o)
 .text.romfs_free
                0x00107d00       0x84 /opt/devkitpro/libctru/lib/libctru.a(romfs_dev.o)
 .text.searchForFile.constprop.0
                0x00107d84       0xd4 /opt/devkitpro/libctru/lib/libctru.a(romfs_dev.o)
 .text.searchForDir.constprop.0
                0x00107e58       0xd8 /opt/devkitpro/libctru/lib/libctru.a(romfs_dev.o)
 .text.navigateToDir.constprop.0
                0x00107f30      0x1c0 /opt/devkitpro/libctru/lib/libctru.a(romfs_dev.o)
 .text.romfs_open
                0x001080f0      0x10c /opt/devkitpro/libctru/lib/libctru.a(romfs_dev.o)
 .text.romfs_chdir
                0x001081fc       0x4c /opt/devkitpro/libctru/lib/libctru.a(romfs_dev.o)
 .text.romfs_diropen
                0x00108248       0x70 /opt/devkitpro/libctru/lib/libctru.a(romfs_dev.o)
 .text.romfs_stat
                0x001082b8      0x174 /opt/devkitpro/libctru/lib/libctru.a(romfs_dev.o)
 .text.romfs_dirclose
                0x0010842c        0x8 /opt/devkitpro/libctru/lib/libctru.a(romfs_dev.o)
 *fill*         0x00108434        0x4 
 .text.romfs_fstat
                0x00108438       0x84 /opt/devkitpro/libctru/lib/libctru.a(romfs_dev.o)
 .text.romfs_read
                0x001084bc       0xd0 /opt/devkitpro/libctru/lib/libctru.a(romfs_dev.o)
 .text.romfsMountFromFile
                0x0010858c      0x28c /opt/devkitpro/libctru/lib/libctru.a(romfs_dev.o)
                0x0010858c                romfsMountFromFile
 .text.romfsMountFromCurrentProcess
                0x00108818       0x98 /opt/devkitpro/libctru/lib/libctru.a(romfs_dev.o)
                0x00108818                romfsMountFromCurrentProcess
 .text.romfsMountSelf
                0x001088b0      0x260 /opt/devkitpro/libctru/lib/libctru.a(romfs_dev.o)
                0x001088b0                romfsMountSelf
 .text.romfsUnmount
                0x00108b10       0xa0 /opt/devkitpro/libctru/lib/libctru.a(romfs_dev.o)
                0x00108b10                romfsUnmount
 .text.GPUCMD_Add
                0x00108bb0      0x13c /opt/devkitpro/libctru/lib/libctru.a(gpu.o)
                0x00108bb0                GPUCMD_Add
 .text.GPUCMD_Split
                0x00108cec       0xb0 /opt/devkitpro/libctru/lib/libctru.a(gpu.o)
                0x00108cec                GPUCMD_Split
 .text.f32tof16
                0x00108d9c       0x34 /opt/devkitpro/libctru/lib/libctru.a(gpu.o)
                0x00108d9c                f32tof16
 .text.f32tof24
                0x00108dd0       0x34 /opt/devkitpro/libctru/lib/libctru.a(gpu.o)
                0x00108dd0                f32tof24
 .text.f32tof31
                0x00108e04       0x38 /opt/devkitpro/libctru/lib/libctru.a(gpu.o)
                0x00108e04                f32tof31
 .text.GX_BindQueue
                0x00108e3c       0x10 /opt/devkitpro/libctru/lib/libctru.a(gx.o)
                0x00108e3c                GX_BindQueue
 .text.GX_ProcessCommandList
                0x00108e4c       0x78 /opt/devkitpro/libctru/lib/libctru.a(gx.o)
                0x00108e4c                GX_ProcessCommandList
 .text.GX_MemoryFill
                0x00108ec4       0x74 /opt/devkitpro/libctru/lib/libctru.a(gx.o)
                0x00108ec4                GX_MemoryFill
 .text.GX_DisplayTransfer
                0x00108f38       0x70 /opt/devkitpro/libctru/lib/libctru.a(gx.o)
                0x00108f38                GX_DisplayTransfer
 .text.GX_TextureCopy
                0x00108fa8       0x74 /opt/devkitpro/libctru/lib/libctru.a(gx.o)
                0x00108fa8                GX_TextureCopy
 .text.gxCmdQueueDoCommands.part.0
                0x0010901c       0x68 /opt/devkitpro/libctru/lib/libctru.a(gxqueue.o)
 .text.gxCmdQueueInterrupt
                0x00109084       0xc8 /opt/devkitpro/libctru/lib/libctru.a(gxqueue.o)
                0x00109084                gxCmdQueueInterrupt
 .text.gxCmdQueueClear
                0x0010914c       0x4c /opt/devkitpro/libctru/lib/libctru.a(gxqueue.o)
                0x0010914c                gxCmdQueueClear
 .text.gxCmdQueueAdd
                0x00109198       0xf8 /opt/devkitpro/libctru/lib/libctru.a(gxqueue.o)
                0x00109198                gxCmdQueueAdd
 .text.gxCmdQueueRun
                0x00109290       0x80 /opt/devkitpro/libctru/lib/libctru.a(gxqueue.o)
                0x00109290                gxCmdQueueRun
 .text.gxCmdQueueStop
                0x00109310       0x60 /opt/devkitpro/libctru/lib/libctru.a(gxqueue.o)
                0x00109310                gxCmdQueueStop
 .text.gxCmdQueueWait
                0x00109370       0x8c /opt/devkitpro/libctru/lib/libctru.a(gxqueue.o)
                0x00109370                gxCmdQueueWait
 .text.shaderInstanceInit
                0x001093fc      0x1d0 /opt/devkitpro/libctru/lib/libctru.a(shaderProgram.o)
                0x001093fc                shaderInstanceInit
 .text.shaderInstanceGetUniformLocation
                0x001095cc       0x18 /opt/devkitpro/libctru/lib/libctru.a(shaderProgram.o)
                0x001095cc                shaderInstanceGetUniformLocation
 .text.shaderProgramInit
                0x001095e4       0x1c /opt/devkitpro/libctru/lib/libctru.a(shaderProgram.o)
                0x001095e4                shaderProgramInit
 .text.shaderProgramFree
                0x00109600       0x64 /opt/devkitpro/libctru/lib/libctru.a(shaderProgram.o)
                0x00109600                shaderProgramFree
 .text.shaderProgramSetVsh
                0x00109664       0x80 /opt/devkitpro/libctru/lib/libctru.a(shaderProgram.o)
                0x00109664                shaderProgramSetVsh
 .text.shaderProgramConfigure
                0x001096e4      0x8e0 /opt/devkitpro/libctru/lib/libctru.a(shaderProgram.o)
                0x001096e4                shaderProgramConfigure
 .text.DVLE_GenerateOutmap.part.0
                0x00109fc4      0x1cc /opt/devkitpro/libctru/lib/libctru.a(shbin.o)
 .text.DVLB_ParseFile
                0x0010a190      0x1b4 /opt/devkitpro/libctru/lib/libctru.a(shbin.o)
                0x0010a190                DVLB_ParseFile
 .text.DVLB_Free
                0x0010a344       0x38 /opt/devkitpro/libctru/lib/libctru.a(shbin.o)
                0x0010a344                DVLB_Free
 .text.DVLE_GetUniformRegister
                0x0010a37c       0x74 /opt/devkitpro/libctru/lib/libctru.a(shbin.o)
                0x0010a37c                DVLE_GetUniformRegister
 .text.aptConvertScreenForCapture
                0x0010a3f0      0x1ac /opt/devkitpro/libctru/lib/libctru.a(apt.o)
 .text.aptDspSleep
                0x0010a59c        0x8 /opt/devkitpro/libctru/lib/libctru.a(apt.o)
                0x0010a59c                aptDspSleep
 .text.aptDspWakeup
                0x0010a5a4        0x4 /opt/devkitpro/libctru/lib/libctru.a(apt.o)
                0x0010a5a4                aptDspWakeup
 .text.aptDspCancel
                0x0010a5a8        0x4 /opt/devkitpro/libctru/lib/libctru.a(apt.o)
                0x0010a5a8                aptDspCancel
 .text.aptSendCommand
                0x0010a5ac      0x158 /opt/devkitpro/libctru/lib/libctru.a(apt.o)
                0x0010a5ac                aptSendCommand
 *fill*         0x0010a704        0x4 
 .text.aptExitProcess
                0x0010a708       0x44 /opt/devkitpro/libctru/lib/libctru.a(apt.o)
 .text.aptExit  0x0010a74c      0x38c /opt/devkitpro/libctru/lib/libctru.a(apt.o)
                0x0010a74c                aptExit
 .text.aptHandleSleep
                0x0010aad8       0xe0 /opt/devkitpro/libctru/lib/libctru.a(apt.o)
                0x0010aad8                aptHandleSleep
 .text.aptHook  0x0010abb8       0x30 /opt/devkitpro/libctru/lib/libctru.a(apt.o)
                0x0010abb8                aptHook
 .text.aptUnhook
                0x0010abe8       0x30 /opt/devkitpro/libctru/lib/libctru.a(apt.o)
                0x0010abe8                aptUnhook
 .text.APT_SleepIfShellClosed
                0x0010ac18       0x84 /opt/devkitpro/libctru/lib/libctru.a(apt.o)
                0x0010ac18                APT_SleepIfShellClosed
 .text.aptSetSleepAllowed
                0x0010ac9c       0x84 /opt/devkitpro/libctru/lib/libctru.a(apt.o)
                0x0010ac9c                aptSetSleepAllowed
 .text.APT_UnlockTransition
                0x0010ad20       0x84 /opt/devkitpro/libctru/lib/libctru.a(apt.o)
                0x0010ad20                APT_UnlockTransition
 *fill*         0x0010ada4        0x4 
 .text.aptEventHandler
                0x0010ada8      0x4a4 /opt/devkitpro/libctru/lib/libctru.a(apt.o)
 .text.APT_ReceiveParameter
                0x0010b24c       0xb0 /opt/devkitpro/libctru/lib/libctru.a(apt.o)
                0x0010b24c                APT_ReceiveParameter
 .text.aptReceiveParameter.constprop.0
                0x0010b2fc       0xac /opt/devkitpro/libctru/lib/libctru.a(apt.o)
 .text.aptScreenTransfer
                0x0010b3a8      0x2ac /opt/devkitpro/libctru/lib/libctru.a(apt.o)
 .text.aptWaitForWakeUp.isra.0
                0x0010b654      0x320 /opt/devkitpro/libctru/lib/libctru.a(apt.o)
 .text.aptJumpToHomeMenu
                0x0010b974       0xf8 /opt/devkitpro/libctru/lib/libctru.a(apt.o)
                0x0010b974                aptJumpToHomeMenu
 .text.aptMainLoop
                0x0010ba6c       0x48 /opt/devkitpro/libctru/lib/libctru.a(apt.o)
                0x0010ba6c                aptMainLoop
 .text.aptInit  0x0010bab4      0x22c /opt/devkitpro/libctru/lib/libctru.a(apt.o)
                0x0010bab4                aptInit
 .text.APT_CheckNew3DS
                0x0010bce0       0x7c /opt/devkitpro/libctru/lib/libctru.a(apt.o)
                0x0010bce0                APT_CheckNew3DS
 .text.fsInit   0x0010bd5c       0xcc /opt/devkitpro/libctru/lib/libctru.a(fs.o)
                0x0010bd5c                fsInit
 .text.fsExit   0x0010be28       0x3c /opt/devkitpro/libctru/lib/libctru.a(fs.o)
                0x0010be28                fsExit
 .text.fsExemptFromSession
                0x0010be64       0x60 /opt/devkitpro/libctru/lib/libctru.a(fs.o)
                0x0010be64                fsExemptFromSession
 .text.fsUnexemptFromSession
                0x0010bec4       0x50 /opt/devkitpro/libctru/lib/libctru.a(fs.o)
                0x0010bec4                fsUnexemptFromSession
 .text.FSUSER_OpenFile
                0x0010bf14       0xcc /opt/devkitpro/libctru/lib/libctru.a(fs.o)
                0x0010bf14                FSUSER_OpenFile
 .text.FSUSER_OpenFileDirectly
                0x0010bfe0       0xd4 /opt/devkitpro/libctru/lib/libctru.a(fs.o)
                0x0010bfe0                FSUSER_OpenFileDirectly
 .text.FSUSER_DeleteFile
                0x0010c0b4       0xbc /opt/devkitpro/libctru/lib/libctru.a(fs.o)
                0x0010c0b4                FSUSER_DeleteFile
 .text.FSUSER_RenameFile
                0x0010c170       0xf8 /opt/devkitpro/libctru/lib/libctru.a(fs.o)
                0x0010c170                FSUSER_RenameFile
 .text.FSUSER_DeleteDirectory
                0x0010c268       0xbc /opt/devkitpro/libctru/lib/libctru.a(fs.o)
                0x0010c268                FSUSER_DeleteDirectory
 .text.FSUSER_CreateFile
                0x0010c324       0xd4 /opt/devkitpro/libctru/lib/libctru.a(fs.o)
                0x0010c324                FSUSER_CreateFile
 .text.FSUSER_CreateDirectory
                0x0010c3f8       0xc4 /opt/devkitpro/libctru/lib/libctru.a(fs.o)
                0x0010c3f8                FSUSER_CreateDirectory
 .text.FSUSER_RenameDirectory
                0x0010c4bc       0xf8 /opt/devkitpro/libctru/lib/libctru.a(fs.o)
                0x0010c4bc                FSUSER_RenameDirectory
 .text.FSUSER_OpenDirectory
                0x0010c5b4       0xb4 /opt/devkitpro/libctru/lib/libctru.a(fs.o)
                0x0010c5b4                FSUSER_OpenDirectory
 .text.FSUSER_OpenArchive
                0x0010c668       0x94 /opt/devkitpro/libctru/lib/libctru.a(fs.o)
                0x0010c668                FSUSER_OpenArchive
 .text.FSUSER_CloseArchive
                0x0010c6fc       0x8c /opt/devkitpro/libctru/lib/libctru.a(fs.o)
                0x0010c6fc                FSUSER_CloseArchive
 .text.FSUSER_GetSdmcArchiveResource
                0x0010c788       0x74 /opt/devkitpro/libctru/lib/libctru.a(fs.o)
                0x0010c788                FSUSER_GetSdmcArchiveResource
 .text.FSUSER_IsSdmcWritable
                0x0010c7fc       0x64 /opt/devkitpro/libctru/lib/libctru.a(fs.o)
                0x0010c7fc                FSUSER_IsSdmcWritable
 .text.FSFILE_Read
                0x0010c860       0x58 /opt/devkitpro/libctru/lib/libctru.a(fs.o)
                0x0010c860                FSFILE_Read
 .text.FSFILE_Write
                0x0010c8b8       0x60 /opt/devkitpro/libctru/lib/libctru.a(fs.o)
                0x0010c8b8                FSFILE_Write
 .text.FSFILE_GetSize
                0x0010c918       0x38 /opt/devkitpro/libctru/lib/libctru.a(fs.o)
                0x0010c918                FSFILE_GetSize
 .text.FSFILE_SetSize
                0x0010c950       0x28 /opt/devkitpro/libctru/lib/libctru.a(fs.o)
                0x0010c950                FSFILE_SetSize
 .text.FSFILE_Close
                0x0010c978       0x3c /opt/devkitpro/libctru/lib/libctru.a(fs.o)
                0x0010c978                FSFILE_Close
 .text.FSFILE_Flush
                0x0010c9b4       0x24 /opt/devkitpro/libctru/lib/libctru.a(fs.o)
                0x0010c9b4                FSFILE_Flush
 .text.FSDIR_Read
                0x0010c9d8       0x50 /opt/devkitpro/libctru/lib/libctru.a(fs.o)
                0x0010c9d8                FSDIR_Read
 .text.FSDIR_Close
                0x0010ca28       0x3c /opt/devkitpro/libctru/lib/libctru.a(fs.o)
                0x0010ca28                FSDIR_Close
 .text.gspHardwareInit
                0x0010ca64      0xc64 /opt/devkitpro/libctru/lib/libctru.a(gspgpu.o)
 .text.gspInit  0x0010d6c8      0x248 /opt/devkitpro/libctru/lib/libctru.a(gspgpu.o)
                0x0010d6c8                gspInit
 .text.gspExit  0x0010d910       0xf0 /opt/devkitpro/libctru/lib/libctru.a(gspgpu.o)
                0x0010d910                gspExit
 .text.gspHasGpuRight
                0x0010da00       0x10 /opt/devkitpro/libctru/lib/libctru.a(gspgpu.o)
                0x0010da00                gspHasGpuRight
 .text.gspPresentBuffer
                0x0010da10       0xa0 /opt/devkitpro/libctru/lib/libctru.a(gspgpu.o)
                0x0010da10                gspPresentBuffer
 .text.gspSetEventCallback
                0x0010dab0       0x30 /opt/devkitpro/libctru/lib/libctru.a(gspgpu.o)
                0x0010dab0                gspSetEventCallback
 .text.gspWaitForEvent
                0x0010dae0       0x44 /opt/devkitpro/libctru/lib/libctru.a(gspgpu.o)
                0x0010dae0                gspWaitForEvent
 .text.gspWaitForAnyEvent
                0x0010db24       0x4c /opt/devkitpro/libctru/lib/libctru.a(gspgpu.o)
                0x0010db24                gspWaitForAnyEvent
 .text.gspEventThreadMain
                0x0010db70      0x158 /opt/devkitpro/libctru/lib/libctru.a(gspgpu.o)
 .text.gspSubmitGxCommand
                0x0010dcc8      0x130 /opt/devkitpro/libctru/lib/libctru.a(gspgpu.o)
                0x0010dcc8                gspSubmitGxCommand
 .text.GSPGPU_FlushDataCache
                0x0010ddf8       0x50 /opt/devkitpro/libctru/lib/libctru.a(gspgpu.o)
                0x0010ddf8                GSPGPU_FlushDataCache
 .text.GSPGPU_SetLcdForceBlack
                0x0010de48       0x34 /opt/devkitpro/libctru/lib/libctru.a(gspgpu.o)
                0x0010de48                GSPGPU_SetLcdForceBlack
 .text.GSPGPU_AcquireRight
                0x0010de7c       0x68 /opt/devkitpro/libctru/lib/libctru.a(gspgpu.o)
                0x0010de7c                GSPGPU_AcquireRight
 .text.GSPGPU_ReleaseRight
                0x0010dee4       0x48 /opt/devkitpro/libctru/lib/libctru.a(gspgpu.o)
                0x0010dee4                GSPGPU_ReleaseRight
 .text.GSPGPU_ImportDisplayCaptureInfo
                0x0010df2c       0x7c /opt/devkitpro/libctru/lib/libctru.a(gspgpu.o)
                0x0010df2c                GSPGPU_ImportDisplayCaptureInfo
 .text.GSPGPU_SaveVramSysArea
                0x0010dfa8       0x2c /opt/devkitpro/libctru/lib/libctru.a(gspgpu.o)
                0x0010dfa8                GSPGPU_SaveVramSysArea
 .text.GSPGPU_RestoreVramSysArea
                0x0010dfd4       0x2c /opt/devkitpro/libctru/lib/libctru.a(gspgpu.o)
                0x0010dfd4                GSPGPU_RestoreVramSysArea
 .text.hidShouldUseIrrst
                0x0010e000       0x24 /opt/devkitpro/libctru/lib/libctru.a(hid.o)
                0x0010e000                hidShouldUseIrrst
 .text.hidInit  0x0010e024      0x18c /opt/devkitpro/libctru/lib/libctru.a(hid.o)
                0x0010e024                hidInit
 .text.hidExit  0x0010e1b0       0xe8 /opt/devkitpro/libctru/lib/libctru.a(hid.o)
                0x0010e1b0                hidExit
 .text.hidScanInput
                0x0010e298      0x2a4 /opt/devkitpro/libctru/lib/libctru.a(hid.o)
                0x0010e298                hidScanInput
 .text.hidKeysHeld
                0x0010e53c       0x10 /opt/devkitpro/libctru/lib/libctru.a(hid.o)
                0x0010e53c                hidKeysHeld
 .text.hidKeysDown
                0x0010e54c       0x10 /opt/devkitpro/libctru/lib/libctru.a(hid.o)
                0x0010e54c                hidKeysDown
 .text.irrstInit
                0x0010e55c      0x160 /opt/devkitpro/libctru/lib/libctru.a(irrst.o)
                0x0010e55c                irrstInit
 .text.irrstExit
                0x0010e6bc       0xcc /opt/devkitpro/libctru/lib/libctru.a(irrst.o)
                0x0010e6bc                irrstExit
 .text.irrstScanInput
                0x0010e788       0xb4 /opt/devkitpro/libctru/lib/libctru.a(irrst.o)
                0x0010e788                irrstScanInput
 .text.irrstKeysHeld
                0x0010e83c       0x24 /opt/devkitpro/libctru/lib/libctru.a(irrst.o)
                0x0010e83c                irrstKeysHeld
 .text.ptmSysmInit
                0x0010e860       0x74 /opt/devkitpro/libctru/lib/libctru.a(ptmsysm.o)
                0x0010e860                ptmSysmInit
 .text.ptmSysmExit
                0x0010e8d4       0x3c /opt/devkitpro/libctru/lib/libctru.a(ptmsysm.o)
                0x0010e8d4                ptmSysmExit
 .text.PTMSYSM_ConfigureNew3DSCPU
                0x0010e910       0x34 /opt/devkitpro/libctru/lib/libctru.a(ptmsysm.o)
                0x0010e910                PTMSYSM_ConfigureNew3DSCPU
 .text.buffer_read
                0x0010e944       0xc4 /opt/devkitpro/libctru/lib/libctru.a(decompress.o)
 .text.iov_read
                0x0010ea08       0xcc /opt/devkitpro/libctru/lib/libctru.a(decompress.o)
 .text.iov_memmove
                0x0010ead4      0x148 /opt/devkitpro/libctru/lib/libctru.a(decompress.o)
 .text.decompress_rle
                0x0010ec1c      0x1dc /opt/devkitpro/libctru/lib/libctru.a(decompress.o)
 .text.decompress_lzss
                0x0010edf8      0x244 /opt/devkitpro/libctru/lib/libctru.a(decompress.o)
 .text.decompress_lz11
                0x0010f03c      0x428 /opt/devkitpro/libctru/lib/libctru.a(decompress.o)
 .text.decompress_huff
                0x0010f464      0x2d4 /opt/devkitpro/libctru/lib/libctru.a(decompress.o)
 .text.decompressCallback_Stdio
                0x0010f738       0x10 /opt/devkitpro/libctru/lib/libctru.a(decompress.o)
                0x0010f738                decompressCallback_Stdio
 .text.decompressHeader
                0x0010f748       0xdc /opt/devkitpro/libctru/lib/libctru.a(decompress.o)
                0x0010f748                decompressHeader
 .text.decompressV
                0x0010f824      0x240 /opt/devkitpro/libctru/lib/libctru.a(decompress.o)
                0x0010f824                decompressV
 .text.rbtree_find
                0x0010fa64       0x74 /opt/devkitpro/libctru/lib/libctru.a(rbtree_find.o)
                0x0010fa64                rbtree_find
 .text.rbtree_init
                0x0010fad8       0x10 /opt/devkitpro/libctru/lib/libctru.a(rbtree_init.o)
                0x0010fad8                rbtree_init
 .text.do_insert
                0x0010fae8      0x1b0 /opt/devkitpro/libctru/lib/libctru.a(rbtree_insert.o)
 .text.rbtree_insert
                0x0010fc98        0x8 /opt/devkitpro/libctru/lib/libctru.a(rbtree_insert.o)
                0x0010fc98                rbtree_insert
 .text.rbtree_remove
                0x0010fca0      0x318 /opt/devkitpro/libctru/lib/libctru.a(rbtree_remove.o)
                0x0010fca0                rbtree_remove
 .text.rbtree_rotate
                0x0010ffb8       0x90 /opt/devkitpro/libctru/lib/libctru.a(rbtree_rotate.o)
                0x0010ffb8                rbtree_rotate
 .text.utf16_to_utf8
                0x00110048       0xe8 /opt/devkitpro/libctru/lib/libctru.a(utf16_to_utf8.o)
                0x00110048                utf16_to_utf8
 .text.utf8_to_utf16
                0x00110130       0xc0 /opt/devkitpro/libctru/lib/libctru.a(utf8_to_utf16.o)
                0x00110130                utf8_to_utf16
 .text.__system_allocateHeaps
                0x001101f0      0x1e0 /opt/devkitpro/libctru/lib/libctru.a(allocateHeaps.o)
                0x001101f0                __system_allocateHeaps
 .text.__libctru_init
                0x001103d0       0x38 /opt/devkitpro/libctru/lib/libctru.a(ctru_init.o)
                0x001103d0                __libctru_init
 .text.__system_initArgv
                0x00110408      0x170 /opt/devkitpro/libctru/lib/libctru.a(initArgv.o)
                0x00110408                __system_initArgv
 .text.__syscall_getreent
                0x00110578       0x30 /opt/devkitpro/libctru/lib/libctru.a(syscalls.o)
                0x00110578                __syscall_getreent
 .text.__syscall_gettod_r
                0x001105a8       0x64 /opt/devkitpro/libctru/lib/libctru.a(syscalls.o)
                0x001105a8                __syscall_gettod_r
 .text.__syscall_lock_acquire
                0x0011060c        0x4 /opt/devkitpro/libctru/lib/libctru.a(syscalls.o)
                0x0011060c                __syscall_lock_acquire
 .text.__syscall_lock_release
                0x00110610        0x4 /opt/devkitpro/libctru/lib/libctru.a(syscalls.o)
                0x00110610                __syscall_lock_release
 .text.__syscall_lock_acquire_recursive
                0x00110614        0x4 /opt/devkitpro/libctru/lib/libctru.a(syscalls.o)
                0x00110614                __syscall_lock_acquire_recursive
 .text.__syscall_lock_release_recursive
                0x00110618        0x4 /opt/devkitpro/libctru/lib/libctru.a(syscalls.o)
                0x00110618                __syscall_lock_release_recursive
 .text.__syscall_exit
                0x0011061c        0x4 /opt/devkitpro/libctru/lib/libctru.a(syscalls.o)
                0x0011061c                __syscall_exit
 .text.initThreadVars
                0x00110620       0x50 /opt/devkitpro/libctru/lib/libctru.a(syscalls.o)
                0x00110620                initThreadVars
 .text.__system_initSyscalls
                0x00110670       0x80 /opt/devkitpro/libctru/lib/libctru.a(syscalls.o)
                0x00110670                __system_initSyscalls
 .text.svcControlMemory
                0x001106f0       0x20 /opt/devkitpro/libctru/lib/libctru.a(svc.o)
                0x001106f0                svcControlMemory
 .text.svcQueryMemory
                0x00110710       0x30 /opt/devkitpro/libctru/lib/libctru.a(svc.o)
                0x00110710                svcQueryMemory
 .text.svcExitProcess
                0x00110740        0x8 /opt/devkitpro/libctru/lib/libctru.a(svc.o)
                0x00110740                svcExitProcess
 .text.svcCreateThread
                0x00110748       0x20 /opt/devkitpro/libctru/lib/libctru.a(svc.o)
                0x00110748                svcCreateThread
 .text.svcExitThread
                0x00110768        0x8 /opt/devkitpro/libctru/lib/libctru.a(svc.o)
                0x00110768                svcExitThread
 .text.svcSleepThread
                0x00110770        0x8 /opt/devkitpro/libctru/lib/libctru.a(svc.o)
                0x00110770                svcSleepThread
 .text.svcReleaseMutex
                0x00110778        0x8 /opt/devkitpro/libctru/lib/libctru.a(svc.o)
                0x00110778                svcReleaseMutex
 .text.svcCreateEvent
                0x00110780       0x14 /opt/devkitpro/libctru/lib/libctru.a(svc.o)
                0x00110780                svcCreateEvent
 .text.svcSignalEvent
                0x00110794        0x8 /opt/devkitpro/libctru/lib/libctru.a(svc.o)
                0x00110794                svcSignalEvent
 .text.svcClearEvent
                0x0011079c        0x8 /opt/devkitpro/libctru/lib/libctru.a(svc.o)
                0x0011079c                svcClearEvent
 .text.svcMapMemoryBlock
                0x001107a4        0x8 /opt/devkitpro/libctru/lib/libctru.a(svc.o)
                0x001107a4                svcMapMemoryBlock
 .text.svcUnmapMemoryBlock
                0x001107ac        0x8 /opt/devkitpro/libctru/lib/libctru.a(svc.o)
                0x001107ac                svcUnmapMemoryBlock
 .text.svcCreateAddressArbiter
                0x001107b4       0x14 /opt/devkitpro/libctru/lib/libctru.a(svc.o)
                0x001107b4                svcCreateAddressArbiter
 .text.svcArbitrateAddressNoTimeout
                0x001107c8        0x8 /opt/devkitpro/libctru/lib/libctru.a(svc.o)
                0x001107c8                svcArbitrateAddressNoTimeout
 .text.svcCloseHandle
                0x001107d0        0x8 /opt/devkitpro/libctru/lib/libctru.a(svc.o)
                0x001107d0                svcCloseHandle
 .text.svcWaitSynchronization
                0x001107d8        0x8 /opt/devkitpro/libctru/lib/libctru.a(svc.o)
                0x001107d8                svcWaitSynchronization
 .text.svcWaitSynchronizationN
                0x001107e0       0x28 /opt/devkitpro/libctru/lib/libctru.a(svc.o)
                0x001107e0                svcWaitSynchronizationN
 .text.svcDuplicateHandle
                0x00110808       0x14 /opt/devkitpro/libctru/lib/libctru.a(svc.o)
                0x00110808                svcDuplicateHandle
 .text.svcGetSystemTick
                0x0011081c        0x8 /opt/devkitpro/libctru/lib/libctru.a(svc.o)
                0x0011081c                svcGetSystemTick
 .text.svcConnectToPort
                0x00110824       0x14 /opt/devkitpro/libctru/lib/libctru.a(svc.o)
                0x00110824                svcConnectToPort
 .text.svcSendSyncRequest
                0x00110838        0x8 /opt/devkitpro/libctru/lib/libctru.a(svc.o)
                0x00110838                svcSendSyncRequest
 .text.svcGetResourceLimit
                0x00110840       0x14 /opt/devkitpro/libctru/lib/libctru.a(svc.o)
                0x00110840                svcGetResourceLimit
 .text.svcGetResourceLimitLimitValues
                0x00110854        0x8 /opt/devkitpro/libctru/lib/libctru.a(svc.o)
                0x00110854                svcGetResourceLimitLimitValues
 .text.svcGetResourceLimitCurrentValues
                0x0011085c        0x8 /opt/devkitpro/libctru/lib/libctru.a(svc.o)
                0x0011085c                svcGetResourceLimitCurrentValues
 .text.svcBreak
                0x00110864        0x8 /opt/devkitpro/libctru/lib/libctru.a(svc.o)
                0x00110864                svcBreak
 .text.__aeabi_read_tp
                0x0011086c        0xc /opt/devkitpro/libctru/lib/libctru.a(readtp.o)
                0x0011086c                __aeabi_read_tp
 .text.initSystem
                0x00110878       0x50 /opt/devkitpro/libctru/lib/libctru.a(stack_adjust.o)
                0x00110878                initSystem
 .text.__ctru_exit
                0x001108c8       0x14 /opt/devkitpro/libctru/lib/libctru.a(stack_adjust.o)
                0x001108c8                __ctru_exit
 .text.envGetHandle
                0x001108dc       0x84 /opt/devkitpro/libctru/lib/libctru.a(env.o)
                0x001108dc                envGetHandle
 .text.envDestroyHandles
                0x00110960       0x50 /opt/devkitpro/libctru/lib/libctru.a(env.o)
                0x00110960                envDestroyHandles
 .text.srvInit  0x001109b0      0x12c /opt/devkitpro/libctru/lib/libctru.a(srv.o)
                0x001109b0                srvInit
 .text.srvExit  0x00110adc       0x58 /opt/devkitpro/libctru/lib/libctru.a(srv.o)
                0x00110adc                srvExit
 .text.srvEnableNotification
                0x00110b34       0x60 /opt/devkitpro/libctru/lib/libctru.a(srv.o)
                0x00110b34                srvEnableNotification
 .text.srvGetServiceHandleDirect
                0x00110b94       0xa0 /opt/devkitpro/libctru/lib/libctru.a(srv.o)
                0x00110b94                srvGetServiceHandleDirect
 .text.srvGetServiceHandle
                0x00110c34       0x38 /opt/devkitpro/libctru/lib/libctru.a(srv.o)
                0x00110c34                srvGetServiceHandle
 .text.srvSubscribe
                0x00110c6c       0x34 /opt/devkitpro/libctru/lib/libctru.a(srv.o)
                0x00110c6c                srvSubscribe
 .text.srvReceiveNotification
                0x00110ca0       0x60 /opt/devkitpro/libctru/lib/libctru.a(srv.o)
                0x00110ca0                srvReceiveNotification
 .text.srvPublishToSubscriber
                0x00110d00       0x38 /opt/devkitpro/libctru/lib/libctru.a(srv.o)
                0x00110d00                srvPublishToSubscriber
 .text.__sync_init
                0x00110d38        0xc /opt/devkitpro/libctru/lib/libctru.a(synchronization.o)
                0x00110d38                __sync_init
 .text.__sync_fini
                0x00110d44       0x18 /opt/devkitpro/libctru/lib/libctru.a(synchronization.o)
                0x00110d44                __sync_fini
 .text.syncArbitrateAddress
                0x00110d5c       0x2c /opt/devkitpro/libctru/lib/libctru.a(synchronization.o)
                0x00110d5c                syncArbitrateAddress
 .text.LightLock_Lock
                0x00110d88       0xac /opt/devkitpro/libctru/lib/libctru.a(synchronization.o)
                0x00110d88                LightLock_Lock
 .text.LightLock_Unlock
                0x00110e34       0x40 /opt/devkitpro/libctru/lib/libctru.a(synchronization.o)
                0x00110e34                LightLock_Unlock
 .text.RecursiveLock_Lock
                0x00110e74       0x30 /opt/devkitpro/libctru/lib/libctru.a(synchronization.o)
                0x00110e74                RecursiveLock_Lock
 .text.RecursiveLock_Unlock
                0x00110ea4       0x54 /opt/devkitpro/libctru/lib/libctru.a(synchronization.o)
                0x00110ea4                RecursiveLock_Unlock
 .text.LightEvent_Init
                0x00110ef8       0x40 /opt/devkitpro/libctru/lib/libctru.a(synchronization.o)
                0x00110ef8                LightEvent_Init
 .text.LightEvent_Clear
                0x00110f38       0xa4 /opt/devkitpro/libctru/lib/libctru.a(synchronization.o)
                0x00110f38                LightEvent_Clear
 .text.LightEvent_Signal
                0x00110fdc       0xc8 /opt/devkitpro/libctru/lib/libctru.a(synchronization.o)
                0x00110fdc                LightEvent_Signal
 .text.LightEvent_TryWait
                0x001110a4       0x50 /opt/devkitpro/libctru/lib/libctru.a(synchronization.o)
                0x001110a4                LightEvent_TryWait
 .text.LightEvent_Wait
                0x001110f4       0xa0 /opt/devkitpro/libctru/lib/libctru.a(synchronization.o)
                0x001110f4                LightEvent_Wait
 .text.threadCreate
                0x00111194      0x1d8 /opt/devkitpro/libctru/lib/libctru.a(thread.o)
                0x00111194                threadCreate
 .text.threadFree
                0x0011136c       0x2c /opt/devkitpro/libctru/lib/libctru.a(thread.o)
                0x0011136c                threadFree
 .text.threadJoin
                0x00111398       0x24 /opt/devkitpro/libctru/lib/libctru.a(thread.o)
                0x00111398                threadJoin
 .text.threadGetCurrent
                0x001113bc       0x30 /opt/devkitpro/libctru/lib/libctru.a(thread.o)
                0x001113bc                threadGetCurrent
 .text.threadExit
                0x001113ec       0x40 /opt/devkitpro/libctru/lib/libctru.a(thread.o)
                0x001113ec                threadExit
 .text._thread_begin
                0x0011142c       0x20 /opt/devkitpro/libctru/lib/libctru.a(thread.o)
 .text.mappableFindAddressWithin
                0x0011144c       0xb4 /opt/devkitpro/libctru/lib/libctru.a(mappable.o)
 .text.mappableInit
                0x00111500       0x28 /opt/devkitpro/libctru/lib/libctru.a(mappable.o)
                0x00111500                mappableInit
 .text.mappableAlloc
                0x00111528       0x80 /opt/devkitpro/libctru/lib/libctru.a(mappable.o)
                0x00111528                mappableAlloc
 .text.mappableFree
                0x001115a8        0x4 /opt/devkitpro/libctru/lib/libctru.a(mappable.o)
                0x001115a8                mappableFree
 .text.srvPmGetSessionHandle
                0x001115ac        0xc /opt/devkitpro/libctru/lib/libctru.a(srvpm.o)
                0x001115ac                srvPmGetSessionHandle
 .text.rbtree_node_next
                0x001115b8       0x5c /opt/devkitpro/libctru/lib/libctru.a(rbtree_iterator.o)
                0x001115b8                rbtree_node_next
 .text.decode_utf16
                0x00111614       0x64 /opt/devkitpro/libctru/lib/libctru.a(decode_utf16.o)
                0x00111614                decode_utf16
 .text.decode_utf8
                0x00111678      0x13c /opt/devkitpro/libctru/lib/libctru.a(decode_utf8.o)
                0x00111678                decode_utf8
 .text.encode_utf16
                0x001117b4       0x54 /opt/devkitpro/libctru/lib/libctru.a(encode_utf16.o)
                0x001117b4                encode_utf16
 .text.encode_utf8
                0x00111808       0xe0 /opt/devkitpro/libctru/lib/libctru.a(encode_utf8.o)
                0x00111808                encode_utf8
 .text.__appExit
                0x001118e8       0x30 /opt/devkitpro/libctru/lib/libctru.a(appExit.o)
                0x001118e8                __appExit
 .text.__appInit
                0x00111918       0x30 /opt/devkitpro/libctru/lib/libctru.a(appInit.o)
                0x00111918                __appInit
 .text.__libctru_exit
                0x00111948       0x90 /opt/devkitpro/libctru/lib/libctru.a(ctru_exit.o)
                0x00111948                __libctru_exit
 .text.archive_link
                0x001119d8       0x14 /opt/devkitpro/libctru/lib/libctru.a(archive_dev.o)
 .text.archive_dirreset
                0x001119ec       0x14 /opt/devkitpro/libctru/lib/libctru.a(archive_dev.o)
 .text.archive_chmod
                0x00111a00       0x14 /opt/devkitpro/libctru/lib/libctru.a(archive_dev.o)
 .text.error_cmp
                0x00111a14       0x24 /opt/devkitpro/libctru/lib/libctru.a(archive_dev.o)
 .text.archive_translate_error
                0x00111a38       0x50 /opt/devkitpro/libctru/lib/libctru.a(archive_dev.o)
 .text.archive_seek
                0x00111a88       0xc8 /opt/devkitpro/libctru/lib/libctru.a(archive_dev.o)
 .text._archiveInit.part.0
                0x00111b50       0x7c /opt/devkitpro/libctru/lib/libctru.a(archive_dev.o)
 .text.archiveFindDevice.part.0
                0x00111bcc       0xc4 /opt/devkitpro/libctru/lib/libctru.a(archive_dev.o)
 .text.archive_utf16path
                0x00111c90      0x280 /opt/devkitpro/libctru/lib/libctru.a(archive_dev.o)
 .text._archiveUnmountDeviceStruct.part.0
                0x00111f10       0x9c /opt/devkitpro/libctru/lib/libctru.a(archive_dev.o)
 .text.archive_fchmod
                0x00111fac       0x14 /opt/devkitpro/libctru/lib/libctru.a(archive_dev.o)
 .text.archive_statvfs
                0x00111fc0       0x14 /opt/devkitpro/libctru/lib/libctru.a(archive_dev.o)
 .text._archiveMountDevice
                0x00111fd4      0x164 /opt/devkitpro/libctru/lib/libctru.a(archive_dev.o)
 .text.archive_diropen
                0x00112138       0xe8 /opt/devkitpro/libctru/lib/libctru.a(archive_dev.o)
 .text.archive_fstat
                0x00112220       0xa4 /opt/devkitpro/libctru/lib/libctru.a(archive_dev.o)
 .text.archive_fsync
                0x001122c4       0x6c /opt/devkitpro/libctru/lib/libctru.a(archive_dev.o)
 .text.archive_close
                0x00112330       0x6c /opt/devkitpro/libctru/lib/libctru.a(archive_dev.o)
 .text.archive_dirclose
                0x0011239c       0x70 /opt/devkitpro/libctru/lib/libctru.a(archive_dev.o)
 .text.sdmc_statvfs
                0x0011240c       0xe8 /opt/devkitpro/libctru/lib/libctru.a(archive_dev.o)
 .text.archive_chdir
                0x001124f4       0xec /opt/devkitpro/libctru/lib/libctru.a(archive_dev.o)
 .text.archive_ftruncate
                0x001125e0       0x7c /opt/devkitpro/libctru/lib/libctru.a(archive_dev.o)
 .text.archive_read
                0x0011265c       0xac /opt/devkitpro/libctru/lib/libctru.a(archive_dev.o)
 .text.archive_unlink
                0x00112708       0xa4 /opt/devkitpro/libctru/lib/libctru.a(archive_dev.o)
 .text.archive_rmdir
                0x001127ac       0xbc /opt/devkitpro/libctru/lib/libctru.a(archive_dev.o)
 .text.archive_mkdir
                0x00112868       0xdc /opt/devkitpro/libctru/lib/libctru.a(archive_dev.o)
 .text.archive_stat
                0x00112944      0x194 /opt/devkitpro/libctru/lib/libctru.a(archive_dev.o)
 .text.archive_dirnext
                0x00112ad8      0x160 /opt/devkitpro/libctru/lib/libctru.a(archive_dev.o)
 .text.archive_write
                0x00112c38      0x124 /opt/devkitpro/libctru/lib/libctru.a(archive_dev.o)
 .text.archive_open
                0x00112d5c      0x20c /opt/devkitpro/libctru/lib/libctru.a(archive_dev.o)
 .text.archive_rename
                0x00112f68      0x278 /opt/devkitpro/libctru/lib/libctru.a(archive_dev.o)
 .text.archiveMountSdmc
                0x001131e0      0x19c /opt/devkitpro/libctru/lib/libctru.a(archive_dev.o)
                0x001131e0                archiveMountSdmc
 .text.archiveUnmountAll
                0x0011337c       0x54 /opt/devkitpro/libctru/lib/libctru.a(archive_dev.o)
                0x0011337c                archiveUnmountAll
 .text.sinf     0x001133d0      0x25c /opt/devkitpro/devkitARM/bin/../lib/gcc/arm-none-eabi/14.1.0/../../../../arm-none-eabi/lib/armv6k/fpu/libm.a(libm_a-sinf.o)
                0x001133d0                sinf
 .text.with_errnof
                0x0011362c       0x24 /opt/devkitpro/devkitARM/bin/../lib/gcc/arm-none-eabi/14.1.0/../../../../arm-none-eabi/lib/armv6k/fpu/libm.a(libm_a-math_errf.o)
 .text.__math_invalidf
                0x00113650       0x1c /opt/devkitpro/devkitARM/bin/../lib/gcc/arm-none-eabi/14.1.0/../../../../arm-none-eabi/lib/armv6k/fpu/libm.a(libm_a-math_errf.o)
                0x00113650                __math_invalidf
 *fill*         0x0011366c        0x4 
 .text.cosf     0x00113670      0x21c /opt/devkitpro/devkitARM/bin/../lib/gcc/arm-none-eabi/14.1.0/../../../../arm-none-eabi/lib/armv6k/fpu/libm.a(libm_a-cosf.o)
                0x00113670                cosf
 .text.__udivmoddi4
                0x0011388c      0x120 /opt/devkitpro/devkitARM/bin/../lib/gcc/arm-none-eabi/14.1.0/armv6k/fpu/libgcc.a(_udivmoddi4.o)
                0x0011388c                __udivmoddi4
 .text.strncmp  0x001139ac       0xd8 /opt/devkitpro/devkitARM/bin/../lib/gcc/arm-none-eabi/14.1.0/../../../../arm-none-eabi/lib/armv6k/fpu/libg.a(libc_a-strncmp.o)
                0x001139ac                strncmp
 .text.strchr   0x00113a84      0x130 /opt/devkitpro/devkitARM/bin/../lib/gcc/arm-none-eabi/14.1.0/../../../../arm-none-eabi/lib/armv6k/fpu/libg.a(libc_a-strchr.o)
                0x00113a84                strchr
 .text.strlen   0x00113bb4       0x5c /opt/devkitpro/devkitARM/bin/../lib/gcc/arm-none-eabi/14.1.0/../../../../arm-none-eabi/lib/armv6k/fpu/libg.a(libc_a-strlen-stub.o)
                0x00113bb4                strlen
 .text.memcmp   0x00113c10       0xd4 /opt/devkitpro/devkitARM/bin/../lib/gcc/arm-none-eabi/14.1.0/../../../../arm-none-eabi/lib/armv6k/fpu/libg.a(libc_a-memcmp.o)
                0x00113c10                memcmp
 .text._strtoul_l.isra.0
                0x00113ce4      0x1e4 /opt/devkitpro/devkitARM/bin/../lib/gcc/arm-none-eabi/14.1.0/../../../../arm-none-eabi/lib/armv6k/fpu/libg.a(libc_a-strtoul.o)
 .text.strtoul  0x00113ec8       0x34 /opt/devkitpro/devkitARM/bin/../lib/gcc/arm-none-eabi/14.1.0/../../../../arm-none-eabi/lib/armv6k/fpu/libg.a(libc_a-strtoul.o)
                0x00113ec8                strtoul
 .text.strncat  0x00113efc       0xe4 /opt/devkitpro/devkitARM/bin/../lib/gcc/arm-none-eabi/14.1.0/../../../../arm-none-eabi/lib/armv6k/fpu/libg.a(libc_a-strncat.o)
                0x00113efc                strncat
 .text.bsearch  0x00113fe0       0x78 /opt/devkitpro/devkitARM/bin/../lib/gcc/arm-none-eabi/14.1.0/../../../../arm-none-eabi/lib/armv6k/fpu/libg.a(libc_a-bsearch.o)
                0x00113fe0                bsearch
 .text._fread_r
                0x00114058      0x344 /opt/devkitpro/devkitARM/bin/../lib/gcc/arm-none-eabi/14.1.0/../../../../arm-none-eabi/lib/armv6k/fpu/libg.a(libc_a-fread.o)
                0x00114058                _fread_r
 .text.fread    0x0011439c       0x38 /opt/devkitpro/devkitARM/bin/../lib/gcc/arm-none-eabi/14.1.0/../../../../arm-none-eabi/lib/armv6k/fpu/libg.a(libc_a-fread.o)
                0x0011439c                fread
 .text.calloc   0x001143d4       0x20 /opt/devkitpro/devkitARM/bin/../lib/gcc/arm-none-eabi/14.1.0/../../../../arm-none-eabi/lib/armv6k/fpu/libg.a(libc_a-calloc.o)
                0x001143d4                calloc
 .text.lflush   0x001143f4       0x38 /opt/devkitpro/devkitARM/bin/../lib/gcc/arm-none-eabi/14.1.0/../../../../arm-none-eabi/lib/armv6k/fpu/libg.a(libc_a-refill.o)
 .text.__srefill_r
                0x0011442c      0x19c /opt/devkitpro/devkitARM/bin/../lib/gcc/arm-none-eabi/14.1.0/../../../../arm-none-eabi/lib/armv6k/fpu/libg.a(libc_a-refill.o)
                0x0011442c                __srefill_r
 .text._fclose_r
                0x001145c8      0x148 /opt/devkitpro/devkitARM/bin/../lib/gcc/arm-none-eabi/14.1.0/../../../../arm-none-eabi/lib/armv6k/fpu/libg.a(libc_a-fclose.o)
                0x001145c8                _fclose_r
 .text.fclose   0x00114710       0x18 /opt/devkitpro/devkitARM/bin/../lib/gcc/arm-none-eabi/14.1.0/../../../../arm-none-eabi/lib/armv6k/fpu/libg.a(libc_a-fclose.o)
                0x00114710                fclose
 .text._calloc_r
                0x00114728       0xc0 /opt/devkitpro/devkitARM/bin/../lib/gcc/arm-none-eabi/14.1.0/../../../../arm-none-eabi/lib/armv6k/fpu/libg.a(libc_a-callocr.o)
                0x00114728                _calloc_r
 .text.__smakebuf_r
                0x001147e8      0x144 /opt/devkitpro/devkitARM/bin/../lib/gcc/arm-none-eabi/14.1.0/../../../../arm-none-eabi/lib/armv6k/fpu/libg.a(libc_a-makebuf.o)
                0x001147e8                __smakebuf_r
 .text.__swhatbuf_r
                0x0011492c       0x8c /opt/devkitpro/devkitARM/bin/../lib/gcc/arm-none-eabi/14.1.0/../../../../arm-none-eabi/lib/armv6k/fpu/libg.a(libc_a-makebuf.o)
                0x0011492c                __swhatbuf_r
 .text.memalign
                0x001149b8       0x20 /opt/devkitpro/devkitARM/bin/../lib/gcc/arm-none-eabi/14.1.0/../../../../arm-none-eabi/lib/armv6k/fpu/libg.a(libc_a-malign.o)
                0x001149b8                memalign
 .text.stdio_exit_handler
                0x001149d8       0x1c /opt/devkitpro/devkitARM/bin/../lib/gcc/arm-none-eabi/14.1.0/../../../../arm-none-eabi/lib/armv6k/fpu/libg.a(libc_a-findfp.o)
 .text.cleanup_stdio
                0x001149f4       0x5c /opt/devkitpro/devkitARM/bin/../lib/gcc/arm-none-eabi/14.1.0/../../../../arm-none-eabi/lib/armv6k/fpu/libg.a(libc_a-findfp.o)
 .text.global_stdio_init.part.0
                0x00114a50      0x154 /opt/devkitpro/devkitARM/bin/../lib/gcc/arm-none-eabi/14.1.0/../../../../arm-none-eabi/lib/armv6k/fpu/libg.a(libc_a-findfp.o)
 .text.__sfp    0x00114ba4      0x134 /opt/devkitpro/devkitARM/bin/../lib/gcc/arm-none-eabi/14.1.0/../../../../arm-none-eabi/lib/armv6k/fpu/libg.a(libc_a-findfp.o)
                0x00114ba4                __sfp
 .text.__sinit  0x00114cd8       0x5c /opt/devkitpro/devkitARM/bin/../lib/gcc/arm-none-eabi/14.1.0/../../../../arm-none-eabi/lib/armv6k/fpu/libg.a(libc_a-findfp.o)
                0x00114cd8                __sinit
 .text.__sfp_lock_acquire
                0x00114d34        0xc /opt/devkitpro/devkitARM/bin/../lib/gcc/arm-none-eabi/14.1.0/../../../../arm-none-eabi/lib/armv6k/fpu/libg.a(libc_a-findfp.o)
                0x00114d34                __sfp_lock_acquire
 .text.__sfp_lock_release
                0x00114d40        0xc /opt/devkitpro/devkitARM/bin/../lib/gcc/arm-none-eabi/14.1.0/../../../../arm-none-eabi/lib/armv6k/fpu/libg.a(libc_a-findfp.o)
                0x00114d40                __sfp_lock_release
 .text._malloc_r
                0x00114d4c      0x7e8 /opt/devkitpro/devkitARM/bin/../lib/gcc/arm-none-eabi/14.1.0/../../../../arm-none-eabi/lib/armv6k/fpu/libg.a(libc_a-mallocr.o)
                0x00114d4c                _malloc_r
 .text._malloc_trim_r
                0x00115534       0xf8 /opt/devkitpro/devkitARM/bin/../lib/gcc/arm-none-eabi/14.1.0/../../../../arm-none-eabi/lib/armv6k/fpu/libg.a(libc_a-freer.o)
                0x00115534                _malloc_trim_r
 .text._free_r  0x0011562c      0x300 /opt/devkitpro/devkitARM/bin/../lib/gcc/arm-none-eabi/14.1.0/../../../../arm-none-eabi/lib/armv6k/fpu/libg.a(libc_a-freer.o)
                0x0011562c                _free_r
 .text.setvbuf  0x0011592c      0x294 /opt/devkitpro/devkitARM/bin/../lib/gcc/arm-none-eabi/14.1.0/../../../../arm-none-eabi/lib/armv6k/fpu/libg.a(libc_a-setvbuf.o)
                0x0011592c                setvbuf
 .text.strnlen  0x00115bc0       0x4c /opt/devkitpro/devkitARM/bin/../lib/gcc/arm-none-eabi/14.1.0/../../../../arm-none-eabi/lib/armv6k/fpu/libg.a(libc_a-strnlen.o)
                0x00115bc0                strnlen
 .text.__errno  0x00115c0c        0xc /opt/devkitpro/devkitARM/bin/../lib/gcc/arm-none-eabi/14.1.0/../../../../arm-none-eabi/lib/armv6k/fpu/libg.a(libc_a-errno.o)
                0x00115c0c                __errno
 .text.malloc   0x00115c18       0x34 /opt/devkitpro/devkitARM/bin/../lib/gcc/arm-none-eabi/14.1.0/../../../../arm-none-eabi/lib/armv6k/fpu/libg.a(libc_a-malloc.o)
                0x00115c18                malloc
 .text.free     0x00115c4c       0x18 /opt/devkitpro/devkitARM/bin/../lib/gcc/arm-none-eabi/14.1.0/../../../../arm-none-eabi/lib/armv6k/fpu/libg.a(libc_a-malloc.o)
                0x00115c4c                free
 .text.memcpy   0x00115c64      0x130 /opt/devkitpro/devkitARM/bin/../lib/gcc/arm-none-eabi/14.1.0/../../../../arm-none-eabi/lib/armv6k/fpu/libg.a(libc_a-memcpy-stub.o)
                0x00115c64                memcpy
 .text.printf   0x00115d94       0x34 /opt/devkitpro/devkitARM/bin/../lib/gcc/arm-none-eabi/14.1.0/../../../../arm-none-eabi/lib/armv6k/fpu/libg.a(libc_a-printf.o)
                0x00115d94                printf
 .text._fopen_r
                0x00115dc8      0x134 /opt/devkitpro/devkitARM/bin/../lib/gcc/arm-none-eabi/14.1.0/../../../../arm-none-eabi/lib/armv6k/fpu/libg.a(libc_a-fopen.o)
                0x00115dc8                _fopen_r
 .text.fopen    0x00115efc       0x20 /opt/devkitpro/devkitARM/bin/../lib/gcc/arm-none-eabi/14.1.0/../../../../arm-none-eabi/lib/armv6k/fpu/libg.a(libc_a-fopen.o)
                0x00115efc                fopen
 .text.time     0x00115f1c       0x4c /opt/devkitpro/devkitARM/bin/../lib/gcc/arm-none-eabi/14.1.0/../../../../arm-none-eabi/lib/armv6k/fpu/libg.a(libc_a-time.o)
                0x00115f1c                time
 .text._puts_r  0x00115f68       0xe0 /opt/devkitpro/devkitARM/bin/../lib/gcc/arm-none-eabi/14.1.0/../../../../arm-none-eabi/lib/armv6k/fpu/libg.a(libc_a-puts.o)
                0x00115f68                _puts_r
 .text.puts     0x00116048       0x18 /opt/devkitpro/devkitARM/bin/../lib/gcc/arm-none-eabi/14.1.0/../../../../arm-none-eabi/lib/armv6k/fpu/libg.a(libc_a-puts.o)
                0x00116048                puts
 .text.memset   0x00116060       0xe8 /opt/devkitpro/devkitARM/bin/../lib/gcc/arm-none-eabi/14.1.0/../../../../arm-none-eabi/lib/armv6k/fpu/libg.a(libc_a-memset.o)
                0x00116060                memset
 .text._fwalk_sglue
                0x00116148       0x70 /opt/devkitpro/devkitARM/bin/../lib/gcc/arm-none-eabi/14.1.0/../../../../arm-none-eabi/lib/armv6k/fpu/libg.a(libc_a-fwalk.o)
                0x00116148                _fwalk_sglue
 .text.__malloc_lock
                0x001161b8        0xc /opt/devkitpro/devkitARM/bin/../lib/gcc/arm-none-eabi/14.1.0/../../../../arm-none-eabi/lib/armv6k/fpu/libg.a(libc_a-mlock.o)
                0x001161b8                __malloc_lock
 .text.__malloc_unlock
                0x001161c4        0xc /opt/devkitpro/devkitARM/bin/../lib/gcc/arm-none-eabi/14.1.0/../../../../arm-none-eabi/lib/armv6k/fpu/libg.a(libc_a-mlock.o)
                0x001161c4                __malloc_unlock
 .text.__call_exitprocs
                0x001161d0        0x4 /opt/devkitpro/devkitARM/bin/../lib/gcc/arm-none-eabi/14.1.0/../../../../arm-none-eabi/lib/armv6k/fpu/libg.a(libc_a-exit.o)
                0x001161d0                __call_exitprocs
 .text.exit     0x001161d4       0x30 /opt/devkitpro/devkitARM/bin/../lib/gcc/arm-none-eabi/14.1.0/../../../../arm-none-eabi/lib/armv6k/fpu/libg.a(libc_a-exit.o)
                0x001161d4                exit
 .text._fseek_r
                0x00116204       0x1c /opt/devkitpro/devkitARM/bin/../lib/gcc/arm-none-eabi/14.1.0/../../../../arm-none-eabi/lib/armv6k/fpu/libg.a(libc_a-fseek.o)
                0x00116204                _fseek_r
 .text.strncpy  0x00116220       0xc4 /opt/devkitpro/devkitARM/bin/../lib/gcc/arm-none-eabi/14.1.0/../../../../arm-none-eabi/lib/armv6k/fpu/libg.a(libc_a-strncpy.o)
                0x00116220                strncpy
 .text.__sflags
                0x001162e4       0xb4 /opt/devkitpro/devkitARM/bin/../lib/gcc/arm-none-eabi/14.1.0/../../../../arm-none-eabi/lib/armv6k/fpu/libg.a(libc_a-flags.o)
                0x001162e4                __sflags
 .text.__libc_init_array
                0x00116398       0x84 /opt/devkitpro/devkitARM/bin/../lib/gcc/arm-none-eabi/14.1.0/../../../../arm-none-eabi/lib/armv6k/fpu/libg.a(libc_a-init.o)
                0x00116398                __libc_init_array
 .text.__sflush_r
                0x0011641c      0x228 /opt/devkitpro/devkitARM/bin/../lib/gcc/arm-none-eabi/14.1.0/../../../../arm-none-eabi/lib/armv6k/fpu/libg.a(libc_a-fflush.o)
                0x0011641c                __sflush_r
 .text._fflush_r
                0x00116644       0x94 /opt/devkitpro/devkitARM/bin/../lib/gcc/arm-none-eabi/14.1.0/../../../../arm-none-eabi/lib/armv6k/fpu/libg.a(libc_a-fflush.o)
                0x00116644                _fflush_r
 .text.__sfvwrite_r
                0x001166d8      0x480 /opt/devkitpro/devkitARM/bin/../lib/gcc/arm-none-eabi/14.1.0/../../../../arm-none-eabi/lib/armv6k/fpu/libg.a(libc_a-fvwrite.o)
                0x001166d8                __sfvwrite_r
 .text._memalign_r
                0x00116b58      0x150 /opt/devkitpro/devkitARM/bin/../lib/gcc/arm-none-eabi/14.1.0/../../../../arm-none-eabi/lib/armv6k/fpu/libg.a(libc_a-malignr.o)
                0x00116b58                _memalign_r
 .text.memchr   0x00116ca8       0xe0 /opt/devkitpro/devkitARM/bin/../lib/gcc/arm-none-eabi/14.1.0/../../../../arm-none-eabi/lib/armv6k/fpu/libg.a(libc_a-memchr-stub.o)
                0x00116ca8                memchr
 .text.__libc_fini_array
                0x00116d88       0x3c /opt/devkitpro/devkitARM/bin/../lib/gcc/arm-none-eabi/14.1.0/../../../../arm-none-eabi/lib/armv6k/fpu/libg.a(libc_a-fini.o)
                0x00116d88                __libc_fini_array
 .text._fseeko_r
                0x00116dc4      0x58c /opt/devkitpro/devkitARM/bin/../lib/gcc/arm-none-eabi/14.1.0/../../../../arm-none-eabi/lib/armv6k/fpu/libg.a(libc_a-fseeko.o)
                0x00116dc4                _fseeko_r
 .text.__sread  0x00117350       0x44 /opt/devkitpro/devkitARM/bin/../lib/gcc/arm-none-eabi/14.1.0/../../../../arm-none-eabi/lib/armv6k/fpu/libg.a(libc_a-stdio.o)
                0x00117350                __sread
 .text.__swrite
                0x00117394       0x68 /opt/devkitpro/devkitARM/bin/../lib/gcc/arm-none-eabi/14.1.0/../../../../arm-none-eabi/lib/armv6k/fpu/libg.a(libc_a-stdio.o)
                0x00117394                __swrite
 .text.__sseek  0x001173fc       0x40 /opt/devkitpro/devkitARM/bin/../lib/gcc/arm-none-eabi/14.1.0/../../../../arm-none-eabi/lib/armv6k/fpu/libg.a(libc_a-stdio.o)
                0x001173fc                __sseek
 .text.__sclose
                0x0011743c        0x8 /opt/devkitpro/devkitARM/bin/../lib/gcc/arm-none-eabi/14.1.0/../../../../arm-none-eabi/lib/armv6k/fpu/libg.a(libc_a-stdio.o)
                0x0011743c                __sclose
 .text.get_arg  0x00117444      0x5e4 /opt/devkitpro/devkitARM/bin/../lib/gcc/arm-none-eabi/14.1.0/../../../../arm-none-eabi/lib/armv6k/fpu/libg.a(libc_a-vfprintf.o)
 .text._vfprintf_r
                0x00117a28     0x3330 /opt/devkitpro/devkitARM/bin/../lib/gcc/arm-none-eabi/14.1.0/../../../../arm-none-eabi/lib/armv6k/fpu/libg.a(libc_a-vfprintf.o)
                0x00117a28                _vfprintf_r
 .text.__sbprintf
                0x0011ad58       0xb8 /opt/devkitpro/devkitARM/bin/../lib/gcc/arm-none-eabi/14.1.0/../../../../arm-none-eabi/lib/armv6k/fpu/libg.a(libc_a-vfprintf.o)
 .text.quorem   0x0011ae10      0x1b4 /opt/devkitpro/devkitARM/bin/../lib/gcc/arm-none-eabi/14.1.0/../../../../arm-none-eabi/lib/armv6k/fpu/libg.a(libc_a-dtoa.o)
 *fill*         0x0011afc4        0x4 
 .text._dtoa_r  0x0011afc8     0x1370 /opt/devkitpro/devkitARM/bin/../lib/gcc/arm-none-eabi/14.1.0/../../../../arm-none-eabi/lib/armv6k/fpu/libg.a(libc_a-dtoa.o)
                0x0011afc8                _dtoa_r
 .text._wcrtomb_r
                0x0011c338       0xa0 /opt/devkitpro/devkitARM/bin/../lib/gcc/arm-none-eabi/14.1.0/../../../../arm-none-eabi/lib/armv6k/fpu/libg.a(libc_a-wcrtomb.o)
                0x0011c338                _wcrtomb_r
 .text._realloc_r
                0x0011c3d8      0x4a4 /opt/devkitpro/devkitARM/bin/../lib/gcc/arm-none-eabi/14.1.0/../../../../arm-none-eabi/lib/armv6k/fpu/libg.a(libc_a-reallocr.o)
                0x0011c3d8                _realloc_r
 .text._wcsrtombs_r
                0x0011c87c       0x28 /opt/devkitpro/devkitARM/bin/../lib/gcc/arm-none-eabi/14.1.0/../../../../arm-none-eabi/lib/armv6k/fpu/libg.a(libc_a-wcsrtombs.o)
                0x0011c87c                _wcsrtombs_r
 .text.__swsetup_r
                0x0011c8a4      0x194 /opt/devkitpro/devkitARM/bin/../lib/gcc/arm-none-eabi/14.1.0/../../../../arm-none-eabi/lib/armv6k/fpu/libg.a(libc_a-wsetup.o)
                0x0011c8a4                __swsetup_r
 .text.frexp    0x0011ca38       0x88 /opt/devkitpro/devkitARM/bin/../lib/gcc/arm-none-eabi/14.1.0/../../../../arm-none-eabi/lib/armv6k/fpu/libg.a(libm_a-s_frexp.o)
                0x0011ca38                frexp
 .text.memmove  0x0011cac0      0x160 /opt/devkitpro/devkitARM/bin/../lib/gcc/arm-none-eabi/14.1.0/../../../../arm-none-eabi/lib/armv6k/fpu/libg.a(libc_a-memmove.o)
                0x0011cac0                memmove
 .text.__assert_func
                0x0011cc20       0x5c /opt/devkitpro/devkitARM/bin/../lib/gcc/arm-none-eabi/14.1.0/../../../../arm-none-eabi/lib/armv6k/fpu/libg.a(libc_a-assert.o)
                0x0011cc20                __assert_func
 .text._Balloc  0x0011cc7c       0x88 /opt/devkitpro/devkitARM/bin/../lib/gcc/arm-none-eabi/14.1.0/../../../../arm-none-eabi/lib/armv6k/fpu/libg.a(libc_a-mprec.o)
                0x0011cc7c                _Balloc
 .text._Bfree   0x0011cd04       0x1c /opt/devkitpro/devkitARM/bin/../lib/gcc/arm-none-eabi/14.1.0/../../../../arm-none-eabi/lib/armv6k/fpu/libg.a(libc_a-mprec.o)
                0x0011cd04                _Bfree
 .text.__multadd
                0x0011cd20       0xf4 /opt/devkitpro/devkitARM/bin/../lib/gcc/arm-none-eabi/14.1.0/../../../../arm-none-eabi/lib/armv6k/fpu/libg.a(libc_a-mprec.o)
                0x0011cd20                __multadd
 .text.__hi0bits
                0x0011ce14       0x80 /opt/devkitpro/devkitARM/bin/../lib/gcc/arm-none-eabi/14.1.0/../../../../arm-none-eabi/lib/armv6k/fpu/libg.a(libc_a-mprec.o)
                0x0011ce14                __hi0bits
 .text.__lo0bits
                0x0011ce94       0xf4 /opt/devkitpro/devkitARM/bin/../lib/gcc/arm-none-eabi/14.1.0/../../../../arm-none-eabi/lib/armv6k/fpu/libg.a(libc_a-mprec.o)
                0x0011ce94                __lo0bits
 .text.__i2b    0x0011cf88       0xa4 /opt/devkitpro/devkitARM/bin/../lib/gcc/arm-none-eabi/14.1.0/../../../../arm-none-eabi/lib/armv6k/fpu/libg.a(libc_a-mprec.o)
                0x0011cf88                __i2b
 .text.__multiply
                0x0011d02c      0x208 /opt/devkitpro/devkitARM/bin/../lib/gcc/arm-none-eabi/14.1.0/../../../../arm-none-eabi/lib/armv6k/fpu/libg.a(libc_a-mprec.o)
                0x0011d02c                __multiply
 .text.__pow5mult
                0x0011d234      0x130 /opt/devkitpro/devkitARM/bin/../lib/gcc/arm-none-eabi/14.1.0/../../../../arm-none-eabi/lib/armv6k/fpu/libg.a(libc_a-mprec.o)
                0x0011d234                __pow5mult
 .text.__lshift
                0x0011d364      0x138 /opt/devkitpro/devkitARM/bin/../lib/gcc/arm-none-eabi/14.1.0/../../../../arm-none-eabi/lib/armv6k/fpu/libg.a(libc_a-mprec.o)
                0x0011d364                __lshift
 .text.__mcmp   0x0011d49c       0x58 /opt/devkitpro/devkitARM/bin/../lib/gcc/arm-none-eabi/14.1.0/../../../../arm-none-eabi/lib/armv6k/fpu/libg.a(libc_a-mprec.o)
                0x0011d49c                __mcmp
 .text.__mdiff  0x0011d4f4      0x1f0 /opt/devkitpro/devkitARM/bin/../lib/gcc/arm-none-eabi/14.1.0/../../../../arm-none-eabi/lib/armv6k/fpu/libg.a(libc_a-mprec.o)
                0x0011d4f4                __mdiff
 .text.__d2b    0x0011d6e4      0x120 /opt/devkitpro/devkitARM/bin/../lib/gcc/arm-none-eabi/14.1.0/../../../../arm-none-eabi/lib/armv6k/fpu/libg.a(libc_a-mprec.o)
                0x0011d6e4                __d2b
 .text.__locale_mb_cur_max
                0x0011d804       0x24 /opt/devkitpro/devkitARM/bin/../lib/gcc/arm-none-eabi/14.1.0/../../../../arm-none-eabi/lib/armv6k/fpu/libg.a(libc_a-locale.o)
                0x0011d804                __locale_mb_cur_max
 .text.fiprintf
                0x0011d828       0x3c /opt/devkitpro/devkitARM/bin/../lib/gcc/arm-none-eabi/14.1.0/../../../../arm-none-eabi/lib/armv6k/fpu/libg.a(libc_a-fiprintf.o)
                0x0011d828                fiprintf
 .text._wcsnrtombs_l
                0x0011d864      0x160 /opt/devkitpro/devkitARM/bin/../lib/gcc/arm-none-eabi/14.1.0/../../../../arm-none-eabi/lib/armv6k/fpu/libg.a(libc_a-wcsnrtombs.o)
                0x0011d864                _wcsnrtombs_l
 .text._wcsnrtombs_r
                0x0011d9c4       0x64 /opt/devkitpro/devkitARM/bin/../lib/gcc/arm-none-eabi/14.1.0/../../../../arm-none-eabi/lib/armv6k/fpu/libg.a(libc_a-wcsnrtombs.o)
                0x0011d9c4                _wcsnrtombs_r
 .text.__utf8_mbtowc
                0x0011da28      0x324 /opt/devkitpro/devkitARM/bin/../lib/gcc/arm-none-eabi/14.1.0/../../../../arm-none-eabi/lib/armv6k/fpu/libg.a(libc_a-mbtowc_r.o)
                0x0011da28                __utf8_mbtowc
 .text.__sprint_r
                0x0011dd4c       0x30 /opt/devkitpro/devkitARM/bin/../lib/gcc/arm-none-eabi/14.1.0/../../../../arm-none-eabi/lib/armv6k/fpu/libg.a(libc_a-sprint_r.o)
                0x0011dd4c                __sprint_r
 .text.abort    0x0011dd7c       0x14 /opt/devkitpro/devkitARM/bin/../lib/gcc/arm-none-eabi/14.1.0/../../../../arm-none-eabi/lib/armv6k/fpu/libg.a(libc_a-abort.o)
                0x0011dd7c                abort
 .text._localeconv_r
                0x0011dd90       0x24 /opt/devkitpro/devkitARM/bin/../lib/gcc/arm-none-eabi/14.1.0/../../../../arm-none-eabi/lib/armv6k/fpu/libg.a(libc_a-localeconv.o)
                0x0011dd90                _localeconv_r
 .text.__utf8_wctomb
                0x0011ddb4       0xf0 /opt/devkitpro/devkitARM/bin/../lib/gcc/arm-none-eabi/14.1.0/../../../../arm-none-eabi/lib/armv6k/fpu/libg.a(libc_a-wctomb_r.o)
                0x0011ddb4                __utf8_wctomb
 .text._raise_r
                0x0011dea4       0x90 /opt/devkitpro/devkitARM/bin/../lib/gcc/arm-none-eabi/14.1.0/../../../../arm-none-eabi/lib/armv6k/fpu/libg.a(libc_a-signal.o)
                0x0011dea4                _raise_r
 .text.raise    0x0011df34       0x18 /opt/devkitpro/devkitARM/bin/../lib/gcc/arm-none-eabi/14.1.0/../../../../arm-none-eabi/lib/armv6k/fpu/libg.a(libc_a-signal.o)
                0x0011df34                raise
 .text.get_arg  0x0011df4c      0x5e4 /opt/devkitpro/devkitARM/bin/../lib/gcc/arm-none-eabi/14.1.0/../../../../arm-none-eabi/lib/armv6k/fpu/libg.a(libc_a-vfiprintf.o)
 .text._vfiprintf_r
                0x0011e530     0x2168 /opt/devkitpro/devkitARM/bin/../lib/gcc/arm-none-eabi/14.1.0/../../../../arm-none-eabi/lib/armv6k/fpu/libg.a(libc_a-vfiprintf.o)
                0x0011e530                _vfiprintf_r
 .text.__sbprintf
                0x00120698       0xb8 /opt/devkitpro/devkitARM/bin/../lib/gcc/arm-none-eabi/14.1.0/../../../../arm-none-eabi/lib/armv6k/fpu/libg.a(libc_a-vfiprintf.o)
 .text._exit    0x00120750       0x20 /opt/devkitpro/devkitARM/bin/../lib/gcc/arm-none-eabi/14.1.0/../../../../arm-none-eabi/lib/armv6k/fpu/libsysbase.a(libsysbase_libsysbase_a-_exit.o)
                0x00120750                _exit
 .text.chdir    0x00120770      0x13c /opt/devkitpro/devkitARM/bin/../lib/gcc/arm-none-eabi/14.1.0/../../../../arm-none-eabi/lib/armv6k/fpu/libsysbase.a(libsysbase_libsysbase_a-chdir.o)
                0x00120770                chdir
 .text._concatenate_path
                0x001208ac      0x1cc /opt/devkitpro/devkitARM/bin/../lib/gcc/arm-none-eabi/14.1.0/../../../../arm-none-eabi/lib/armv6k/fpu/libsysbase.a(libsysbase_libsysbase_a-concatenate.o)
                0x001208ac                _concatenate_path
 .text._fstat_r
                0x00120a78       0x88 /opt/devkitpro/devkitARM/bin/../lib/gcc/arm-none-eabi/14.1.0/../../../../arm-none-eabi/lib/armv6k/fpu/libsysbase.a(libsysbase_libsysbase_a-fstat.o)
                0x00120a78                _fstat_r
 .text._getpid_r
                0x00120b00       0x14 /opt/devkitpro/devkitARM/bin/../lib/gcc/arm-none-eabi/14.1.0/../../../../arm-none-eabi/lib/armv6k/fpu/libsysbase.a(libsysbase_libsysbase_a-getpid.o)
                0x00120b00                _getpid_r
 .text.__getreent
                0x00120b14       0x2c /opt/devkitpro/devkitARM/bin/../lib/gcc/arm-none-eabi/14.1.0/../../../../arm-none-eabi/lib/armv6k/fpu/libsysbase.a(libsysbase_libsysbase_a-getreent.o)
                0x00120b14                __getreent
 .text._gettimeofday_r
                0x00120b40       0x30 /opt/devkitpro/devkitARM/bin/../lib/gcc/arm-none-eabi/14.1.0/../../../../arm-none-eabi/lib/armv6k/fpu/libsysbase.a(libsysbase_libsysbase_a-gettod.o)
                0x00120b40                _gettimeofday_r
 .text.__release_handle
                0x00120b70       0x8c /opt/devkitpro/devkitARM/bin/../lib/gcc/arm-none-eabi/14.1.0/../../../../arm-none-eabi/lib/armv6k/fpu/libsysbase.a(libsysbase_libsysbase_a-handle_manager.o)
                0x00120b70                __release_handle
 .text.__alloc_handle
                0x00120bfc       0xb0 /opt/devkitpro/devkitARM/bin/../lib/gcc/arm-none-eabi/14.1.0/../../../../arm-none-eabi/lib/armv6k/fpu/libsysbase.a(libsysbase_libsysbase_a-handle_manager.o)
                0x00120bfc                __alloc_handle
 .text.__get_handle
                0x00120cac       0x3c /opt/devkitpro/devkitARM/bin/../lib/gcc/arm-none-eabi/14.1.0/../../../../arm-none-eabi/lib/armv6k/fpu/libsysbase.a(libsysbase_libsysbase_a-handle_manager.o)
                0x00120cac                __get_handle
 .text._close_r
                0x00120ce8       0xf4 /opt/devkitpro/devkitARM/bin/../lib/gcc/arm-none-eabi/14.1.0/../../../../arm-none-eabi/lib/armv6k/fpu/libsysbase.a(libsysbase_libsysbase_a-handle_manager.o)
                0x00120ce8                _close_r
 .text.null_write
                0x00120ddc        0x8 /opt/devkitpro/devkitARM/bin/../lib/gcc/arm-none-eabi/14.1.0/../../../../arm-none-eabi/lib/armv6k/fpu/libsysbase.a(libsysbase_libsysbase_a-iosupport.o)
 .text.setDefaultDevice
                0x00120de4       0x18 /opt/devkitpro/devkitARM/bin/../lib/gcc/arm-none-eabi/14.1.0/../../../../arm-none-eabi/lib/armv6k/fpu/libsysbase.a(libsysbase_libsysbase_a-iosupport.o)
                0x00120de4                setDefaultDevice
 .text.FindDevice
                0x00120dfc       0xc8 /opt/devkitpro/devkitARM/bin/../lib/gcc/arm-none-eabi/14.1.0/../../../../arm-none-eabi/lib/armv6k/fpu/libsysbase.a(libsysbase_libsysbase_a-iosupport.o)
                0x00120dfc                FindDevice
 .text.RemoveDevice
                0x00120ec4       0x28 /opt/devkitpro/devkitARM/bin/../lib/gcc/arm-none-eabi/14.1.0/../../../../arm-none-eabi/lib/armv6k/fpu/libsysbase.a(libsysbase_libsysbase_a-iosupport.o)
                0x00120ec4                RemoveDevice
 .text.AddDevice
                0x00120eec       0x98 /opt/devkitpro/devkitARM/bin/../lib/gcc/arm-none-eabi/14.1.0/../../../../arm-none-eabi/lib/armv6k/fpu/libsysbase.a(libsysbase_libsysbase_a-iosupport.o)
                0x00120eec                AddDevice
 .text.GetDeviceOpTab
                0x00120f84       0x20 /opt/devkitpro/devkitARM/bin/../lib/gcc/arm-none-eabi/14.1.0/../../../../arm-none-eabi/lib/armv6k/fpu/libsysbase.a(libsysbase_libsysbase_a-iosupport.o)
                0x00120f84                GetDeviceOpTab
 .text._isatty_r
                0x00120fa4        0x8 /opt/devkitpro/devkitARM/bin/../lib/gcc/arm-none-eabi/14.1.0/../../../../arm-none-eabi/lib/armv6k/fpu/libsysbase.a(libsysbase_libsysbase_a-isatty.o)
                0x00120fa4                _isatty_r
 .text._kill_r  0x00120fac       0x14 /opt/devkitpro/devkitARM/bin/../lib/gcc/arm-none-eabi/14.1.0/../../../../arm-none-eabi/lib/armv6k/fpu/libsysbase.a(libsysbase_libsysbase_a-kill.o)
                0x00120fac                _kill_r
 .text._lseek_r
                0x00120fc0       0x8c /opt/devkitpro/devkitARM/bin/../lib/gcc/arm-none-eabi/14.1.0/../../../../arm-none-eabi/lib/armv6k/fpu/libsysbase.a(libsysbase_libsysbase_a-lseek.o)
                0x00120fc0                _lseek_r
 .text._open_r  0x0012104c       0xbc /opt/devkitpro/devkitARM/bin/../lib/gcc/arm-none-eabi/14.1.0/../../../../arm-none-eabi/lib/armv6k/fpu/libsysbase.a(libsysbase_libsysbase_a-open.o)
                0x0012104c                _open_r
 .text._read_r  0x00121108       0x88 /opt/devkitpro/devkitARM/bin/../lib/gcc/arm-none-eabi/14.1.0/../../../../arm-none-eabi/lib/armv6k/fpu/libsysbase.a(libsysbase_libsysbase_a-read.o)
                0x00121108                _read_r
 .text._sbrk_r  0x00121190       0x78 /opt/devkitpro/devkitARM/bin/../lib/gcc/arm-none-eabi/14.1.0/../../../../arm-none-eabi/lib/armv6k/fpu/libsysbase.a(libsysbase_libsysbase_a-sbrk.o)
                0x00121190                _sbrk_r
 .text.__libc_lock_acquire
                0x00121208       0x1c /opt/devkitpro/devkitARM/bin/../lib/gcc/arm-none-eabi/14.1.0/../../../../arm-none-eabi/lib/armv6k/fpu/libsysbase.a(libsysbase_libsysbase_a-syscall_support.o)
                0x00121208                __libc_lock_acquire
 .text.__libc_lock_release
                0x00121224       0x1c /opt/devkitpro/devkitARM/bin/../lib/gcc/arm-none-eabi/14.1.0/../../../../arm-none-eabi/lib/armv6k/fpu/libsysbase.a(libsysbase_libsysbase_a-syscall_support.o)
                0x00121224                __libc_lock_release
 .text.__libc_lock_acquire_recursive